ARM Linker, 5.03 [Build 24] [MDK-ARM Standard]

==============================================================================

Section Cross References

    main.o(.text) refers to delay.o(.text) for delay_init
    main.o(.text) refers to led.o(.text) for LED_Init
    main.o(.text) refers to guicore.o(.text) for GUI_Init
    main.o(.text) refers to gui_setcolor.o(.text) for GUI_SetBkColor
    main.o(.text) refers to gui_setfont.o(.text) for GUI_SetFont
    main.o(.text) refers to gui_dispstring.o(.text) for GUI_DispString
    main.o(.text) refers to gui_setdrawmode.o(.text) for GUI_SetDrawMode
    main.o(.text) refers to os_task.o(.text) for OSTaskCreate
    main.o(.text) refers to initialize.o(.text) for MCU_Init
    main.o(.text) refers to os_core.o(.text) for OSInit
    main.o(.text) refers to f32b_ascii.o(.constdata) for GUI_Font32B_ASCII
    main.o(.text) refers to main.o(.bss) for deadloopTask_STK
    stm32f10x_it.o(.text) refers to os_core.o(.text) for OSIntEnter
    stm32f10x_it.o(.text) refers to stm32f10x_usart.o(.text) for USART_GetITStatus
    stm32f10x_it.o(.text) refers to printf1.o(i.__0printf$1) for __2printf
    stm32f10x_it.o(.text) refers to stm32f10x_tim.o(.text) for TIM_ClearITPendingBit
    stm32f10x_it.o(.text) refers to stm32f10x_exti.o(.text) for EXTI_GetITStatus
    delay.o(.text) refers to misc.o(.text) for SysTick_CLKSourceConfig
    delay.o(.text) refers to system_stm32f10x.o(.data) for SystemCoreClock
    delay.o(.text) refers to delay.o(.data) for fac_us
    app.o(.text) refers to gui_touch_driveranalog.o(.text) for GUI_TOUCH_Exec
    app.o(.text) refers to gui_touch.o(.text) for GUI_TOUCH_GetState
    app.o(.text) refers to os_time.o(.text) for OSTimeDly
    app.o(.text) refers to guicore.o(.text) for GUI_Init
    app.o(.text) refers to my_ui.o(.text) for MainMenu_Init
    app.o(.text) refers to gui_onkey.o(.text) for GUI_GetKey
    app.o(.text) refers to os_task.o(.text) for OSTaskCreate
    app.o(.text) refers to messagebox.o(.text) for GUI_MessageBox
    app.o(.text) refers to gui_exec.o(.text) for GUI_Exec
    app.o(.text) refers to stm32f10x_gpio.o(.text) for GPIO_ResetBits
    app.o(.text) refers to stm32f10x_rtc.o(.text) for RTC_GetCounter
    app.o(.text) refers to initialize.o(.text) for RTC_Configuration
    app.o(.text) refers to text_settext.o(.text) for TEXT_SetText
    app.o(.text) refers to my_ui.o(.data) for TouchFlag
    app.o(.text) refers to app.o(.bss) for TASK_MusicPlayer_STK
    app.o(.text) refers to musicplayer.o(.text) for Task_MusicPlayer
    app.o(.text) refers to filebrowser.o(.text) for Task_FileBrowser
    app.o(.text) refers to textbrowser.o(.text) for Task_TextBrowser
    app.o(.text) refers to settings.o(.text) for Task_Setting
    app.o(.text) refers to photobrowser.o(.text) for Task_PhotoBrowser
    musicplayer.o(.text) refers to memmovea.o(.text) for __aeabi_memcpy4
    musicplayer.o(.text) refers to ff.o(.text) for f_close
    musicplayer.o(.text) refers to strcpy.o(.text) for strcpy
    musicplayer.o(.text) refers to strcat.o(.text) for strcat
    musicplayer.o(.text) refers to wm_getdialogitem.o(.text) for WM_GetDialogItem
    musicplayer.o(.text) refers to listbox_setautoscroll.o(.text) for LISTBOX_SetAutoScrollV
    musicplayer.o(.text) refers to framewin_buttonmax.o(.text) for FRAMEWIN_AddMaxButton
    musicplayer.o(.text) refers to framewin_buttonmin.o(.text) for FRAMEWIN_AddMinButton
    musicplayer.o(.text) refers to fat_api.o(.text) for FatFs_Open
    musicplayer.o(.text) refers to listbox.o(.text) for LISTBOX_AddString
    musicplayer.o(.text) refers to wm_getid.o(.text) for WM_GetId
    musicplayer.o(.text) refers to listbox_getitemtext.o(.text) for LISTBOX_GetItemText
    musicplayer.o(.text) refers to dialog.o(.text) for GUI_EndDialog
    musicplayer.o(.text) refers to wm.o(.text) for WM_DefaultProc
    musicplayer.o(.text) refers to text_setfont.o(.text) for TEXT_SetFont
    musicplayer.o(.text) refers to text_settextcolor.o(.text) for TEXT_SetTextColor
    musicplayer.o(.text) refers to radio.o(.text) for RADIO_SetValue
    musicplayer.o(.text) refers to slider.o(.text) for SLIDER_SetRange
    musicplayer.o(.text) refers to musicplayer.o(.constdata) for .constdata
    musicplayer.o(.text) refers to musicplayer.o(.bss) for PlayMusicInfo
    musicplayer.o(.text) refers to fat_api.o(.bss) for FileList
    musicplayer.o(.text) refers to my_ui.o(.data) for MenuDisnable
    musicplayer.o(.text) refers to fat_api.o(.data) for filecount
    musicplayer.o(.text) refers to microsoftfont.o(.constdata) for GUI_FontHZ_MicrosoftFont_13
    musicplayer.o(.text) refers to musicplayer.o(.data) for PlayerInfo
    musicplayer.o(.text) refers to gui_setcolor.o(.text) for GUI_SetColor
    musicplayer.o(.text) refers to gui_fillrect.o(.text) for GUI_FillRect
    musicplayer.o(.text) refers to vs1003.o(.text) for WriteByteADS
    musicplayer.o(.text) refers to os_time.o(.text) for OSTimeDly
[...]
    FLASH_ErasePage                          0x08005f09   Thumb Code    72  stm32f10x_flash.o(.text)
    FLASH_EraseAllPages                      0x08005f51   Thumb Code    68  stm32f10x_flash.o(.text)
    FLASH_WaitForLastBank1Operation          0x08005f95   Thumb Code    38  stm32f10x_flash.o(.text)
    FLASH_EraseAllBank1Pages                 0x08005fbb   Thumb Code    68  stm32f10x_flash.o(.text)
    FLASH_GetReadOutProtectionStatus         0x08005fff   Thumb Code    20  stm32f10x_flash.o(.text)
    FLASH_EraseOptionBytes                   0x08006013   Thumb Code   150  stm32f10x_flash.o(.text)
    FLASH_ProgramWord                        0x080060a9   Thumb Code   102  stm32f10x_flash.o(.text)
    FLASH_ProgramHalfWord                    0x0800610f   Thumb Code    60  stm32f10x_flash.o(.text)
    FLASH_ProgramOptionByteData              0x0800614b   Thumb Code    72  stm32f10x_flash.o(.text)
    FLASH_EnableWriteProtection              0x08006193   Thumb Code   200  stm32f10x_flash.o(.text)
    FLASH_ReadOutProtection                  0x0800625b   Thumb Code   156  stm32f10x_flash.o(.text)
    FLASH_UserOptionByteConfig               0x080062f7   Thumb Code    88  stm32f10x_flash.o(.text)
    FLASH_GetUserOptionByte                  0x0800634f   Thumb Code     8  stm32f10x_flash.o(.text)
    FLASH_GetWriteProtectionOptionByte       0x08006357   Thumb Code     6  stm32f10x_flash.o(.text)
    FLASH_GetPrefetchBufferStatus            0x0800635d   Thumb Code    20  stm32f10x_flash.o(.text)
    FLASH_ITConfig                           0x08006371   Thumb Code    26  stm32f10x_flash.o(.text)
    FLASH_GetFlagStatus                      0x0800638b   Thumb Code    42  stm32f10x_flash.o(.text)
    FLASH_ClearFlag                          0x080063b5   Thumb Code     6  stm32f10x_flash.o(.text)
    FLASH_GetStatus                          0x080063bb   Thumb Code    48  stm32f10x_flash.o(.text)
    TIM_DeInit                               0x080063fd   Thumb Code   424  stm32f10x_tim.o(.text)
    TIM_TimeBaseInit                         0x080065a5   Thumb Code   122  stm32f10x_tim.o(.text)
    TIM_OC1Init                              0x0800661f   Thumb Code   132  stm32f10x_tim.o(.text)
    TIM_OC2Init                              0x080066a3   Thumb Code   154  stm32f10x_tim.o(.text)
    TIM_OC3Init                              0x0800673d   Thumb Code   150  stm32f10x_tim.o(.text)
    TIM_OC4Init                              0x080067d3   Thumb Code   182  stm32f10x_tim.o(.text)
    TIM_SetIC4Prescaler                      0x08006889   Thumb Code    26  stm32f10x_tim.o(.text)
    TIM_SetIC3Prescaler                      0x08006925   Thumb Code    18  stm32f10x_tim.o(.text)
    TIM_SetIC2Prescaler                      0x080069b1   Thumb Code    26  stm32f10x_tim.o(.text)
    TIM_SetIC1Prescaler                      0x08006a4d   Thumb Code    18  stm32f10x_tim.o(.text)
    TIM_ICInit                               0x08006acb   Thumb Code   150  stm32f10x_tim.o(.text)
    TIM_PWMIConfig                           0x08006b61   Thumb Code   124  stm32f10x_tim.o(.text)
    TIM_BDTRConfig                           0x08006bdd   Thumb Code    32  stm32f10x_tim.o(.text)
    TIM_TimeBaseStructInit                   0x08006bfd   Thumb Code    18  stm32f10x_tim.o(.text)
    TIM_OCStructInit                         0x08006c0f   Thumb Code    20  stm32f10x_tim.o(.text)
    TIM_ICStructInit                         0x08006c23   Thumb Code    18  stm32f10x_tim.o(.text)
    TIM_BDTRStructInit                       0x08006c35   Thumb Code    40  stm32f10x_tim.o(.text)
    TIM_Cmd                                  0x08006c5d   Thumb Code    24  stm32f10x_tim.o(.text)
    TIM_CtrlPWMOutputs                       0x08006c75   Thumb Code    30  stm32f10x_tim.o(.text)
    TIM_ITConfig                             0x08006c93   Thumb Code    18  stm32f10x_tim.o(.text)
    TIM_GenerateEvent                        0x08006ca5   Thumb Code     4  stm32f10x_tim.o(.text)
    TIM_DMAConfig                            0x08006ca9   Thumb Code    10  stm32f10x_tim.o(.text)
    TIM_DMACmd                               0x08006cb3   Thumb Code    18  stm32f10x_tim.o(.text)
    TIM_InternalClockConfig                  0x08006cc5   Thumb Code    12  stm32f10x_tim.o(.text)
    TIM_SelectInputTrigger                   0x08006cd1   Thumb Code    18  stm32f10x_tim.o(.text)
    TIM_ITRxExternalClockConfig              0x08006ce3   Thumb Code    24  stm32f10x_tim.o(.text)
    TIM_TIxExternalClockConfig               0x08006cfb   Thumb Code    62  stm32f10x_tim.o(.text)
    TIM_ETRConfig                            0x08006d39   Thumb Code    28  stm32f10x_tim.o(.text)
    TIM_ETRClockMode1Config                  0x08006d55   Thumb Code    54  stm32f10x_tim.o(.text)
    TIM_ETRClockMode2Config                  0x08006d8b   Thumb Code    32  stm32f10x_tim.o(.text)
    TIM_PrescalerConfig                      0x08006dab   Thumb Code     6  stm32f10x_tim.o(.text)
    TIM_CounterModeConfig                    0x08006db1   Thumb Code    18  stm32f10x_tim.o(.text)
    TIM_EncoderInterfaceConfig               0x08006dc3   Thumb Code    66  stm32f10x_tim.o(.text)
    TIM_ForcedOC1Config                      0x08006e05   Thumb Code    18  stm32f10x_tim.o(.text)
    TIM_ForcedOC2Config                      0x08006e17   Thumb Code    26  stm32f10x_tim.o(.text)
    TIM_ForcedOC3Config                      0x08006e31   Thumb Code    18  stm32f10x_tim.o(.text)
    TIM_ForcedOC4Config                      0x08006e43   Thumb Code    26  stm32f10x_tim.o(.text)
    TIM_ARRPreloadConfig                     0x08006e5d   Thumb Code    24  stm32f10x_tim.o(.text)
    TIM_SelectCOM                            0x08006e75   Thumb Code    24  stm32f10x_tim.o(.text)
    TIM_SelectCCDMA                          0x08006e8d   Thumb Code    24  stm32f10x_tim.o(.text)
    TIM_CCPreloadControl                     0x08006ea5   Thumb Code    24  stm32f10x_tim.o(.text)
    TIM_OC1PreloadConfig                     0x08006ebd   Thumb Code    18  stm32f10x_tim.o(.text)
    TIM_OC2PreloadConfig                     0x08006ecf   Thumb Code    26  stm32f10x_tim.o(.text)
    TIM_OC3PreloadConfig                     0x08006ee9   Thumb Code    18  stm32f10x_tim.o(.text)
    TIM_OC4PreloadConfig                     0x08006efb   Thumb Code    26  stm32f10x_tim.o(.text)
    TIM_OC1FastConfig                        0x08006f15   Thumb Code    18  stm32f10x_tim.o(.text)
    TIM_OC2FastConfig                        0x08006f27   Thumb Code    26  stm32f10x_tim.o(.text)
    TIM_OC3FastConfig                        0x08006f41   Thumb Code    18  stm32f10x_tim.o(.text)
    TIM_OC4FastConfig                        0x08006f53   Thumb Code    26  stm32f10x_tim.o(.text)
    TIM_ClearOC1Ref                          0x08006f6d   Thumb Code    18  stm32f10x_tim.o(.text)
    TIM_ClearOC2Ref                          0x08006f7f   Thumb Code    24  stm32f10x_tim.o(.text)
    TIM_ClearOC3Ref                          0x08006f97   Thumb Code    18  stm32f10x_tim.o(.text)
    TIM_ClearOC4Ref                          0x08006fa9   Thumb Code    24  stm32f10x_tim.o(.text)
    TIM_OC1PolarityConfig                    0x08006fc1   Thumb Code    18  stm32f10x_tim.o(.text)
    TIM_OC1NPolarityConfig                   0x08006fd3   Thumb Code    18  stm32f10x_tim.o(.text)
    TIM_OC2PolarityConfig                    0x08006fe5   Thumb Code    26  stm32f10x_tim.o(.text)
    TIM_OC2NPolarityConfig                   0x08006fff   Thumb Code    26  stm32f10x_tim.o(.text)
    TIM_OC3PolarityConfig                    0x08007019   Thumb Code    26  stm32f10x_tim.o(.text)
    TIM_OC3NPolarityConfig                   0x08007033   Thumb Code    26  stm32f10x_tim.o(.text)
    TIM_OC4PolarityConfig                    0x0800704d   Thumb Code    26  stm32f10x_tim.o(.text)
    TIM_CCxCmd                               0x08007067   Thumb Code    30  stm32f10x_tim.o(.text)
    TIM_CCxNCmd                              0x08007085   Thumb Code    30  stm32f10x_tim.o(.text)
    TIM_SelectOCxM                           0x080070a3   Thumb Code    82  stm32f10x_tim.o(.text)
    TIM_UpdateDisableConfig                  0x080070f5   Thumb Code    24  stm32f10x_tim.o(.text)
    TIM_UpdateRequestConfig                  0x0800710d   Thumb Code    24  stm32f10x_tim.o(.text)
    TIM_SelectHallSensor                     0x08007125   Thumb Code    24  stm32f10x_tim.o(.text)
    TIM_SelectOnePulseMode                   0x0800713d   Thumb Code    18  stm32f10x_tim.o(.text)
    TIM_SelectOutputTrigger                  0x0800714f   Thumb Code    18  stm32f10x_tim.o(.text)
    TIM_SelectSlaveMode                      0x08007161   Thumb Code    18  stm32f10x_tim.o(.text)
    TIM_SelectMasterSlaveMode                0x08007173   Thumb Code    18  stm32f10x_tim.o(.text)
    TIM_SetCounter                           0x08007185   Thumb Code     4  stm32f10x_tim.o(.text)
    TIM_SetAutoreload                        0x08007189   Thumb Code     4  stm32f10x_tim.o(.text)
    TIM_SetCompare1                          0x0800718d   Thumb Code     4  stm32f10x_tim.o(.text)
    TIM_SetCompare2                          0x08007191   Thumb Code     4  stm32f10x_tim.o(.text)
    TIM_SetCompare3                          0x08007195   Thumb Code     4  stm32f10x_tim.o(.text)
    TIM_SetCompare4                          0x08007199   Thumb Code     6  stm32f10x_tim.o(.text)
    TIM_SetClockDivision                     0x0800719f   Thumb Code    18  stm32f10x_tim.o(.text)
    TIM_GetCapture1                          0x080071b1   Thumb Code     6  stm32f10x_tim.o(.text)
    TIM_GetCapture2                          0x080071b7   Thumb Code     6  stm32f10x_tim.o(.text)
    TIM_GetCapture3                          0x080071bd   Thumb Code     6  stm32f10x_tim.o(.text)
    TIM_GetCapture4                          0x080071c3   Thumb Code     8  stm32f10x_tim.o(.text)
    TIM_GetCounter                           0x080071cb   Thumb Code     6  stm32f10x_tim.o(.text)
    TIM_GetPrescaler                         0x080071d1   Thumb Code     6  stm32f10x_tim.o(.text)
    TIM_GetFlagStatus                        0x080071d7   Thumb Code    18  stm32f10x_tim.o(.text)
    TIM_ClearFlag                            0x080071e9   Thumb Code     6  stm32f10x_tim.o(.text)
    TIM_GetITStatus                          0x080071ef   Thumb Code    34  stm32f10x_tim.o(.text)
    TIM_ClearITPendingBit                    0x08007211   Thumb Code     6  stm32f10x_tim.o(.text)
    ADC_DeInit                               0x08007219   Thumb Code    78  stm32f10x_adc.o(.text)
    ADC_Init                                 0x08007267   Thumb Code    70  stm32f10x_adc.o(.text)
    ADC_StructInit                           0x080072ad   Thumb Code    18  stm32f10x_adc.o(.text)
    ADC_Cmd                                  0x080072bf   Thumb Code    22  stm32f10x_adc.o(.text)
    ADC_DMACmd                               0x080072d5   Thumb Code    22  stm32f10x_adc.o(.text)
    ADC_ITConfig                             0x080072eb   Thumb Code    24  stm32f10x_adc.o(.text)
    ADC_ResetCalibration                     0x08007303   Thumb Code    10  stm32f10x_adc.o(.text)
    ADC_GetResetCalibrationStatus            0x0800730d   Thumb Code    20  stm32f10x_adc.o(.text)
    ADC_StartCalibration                     0x08007321   Thumb Code    10  stm32f10x_adc.o(.text)
    ADC_GetCalibrationStatus                 0x0800732b   Thumb Code    20  stm32f10x_adc.o(.text)
    ADC_SoftwareStartConvCmd                 0x0800733f   Thumb Code    22  stm32f10x_adc.o(.text)
    ADC_GetSoftwareStartConvStatus           0x08007355   Thumb Code    20  stm32f10x_adc.o(.text)
    ADC_DiscModeChannelCountConfig           0x08007369   Thumb Code    24  stm32f10x_adc.o(.text)
    ADC_DiscModeCmd                          0x08007381   Thumb Code    22  stm32f10x_adc.o(.text)
    ADC_RegularChannelConfig                 0x08007397   Thumb Code   184  stm32f10x_adc.o(.text)
    ADC_ExternalTrigConvCmd                  0x0800744f   Thumb Code    22  stm32f10x_adc.o(.text)
    ADC_GetConversionValue                   0x08007465   Thumb Code     8  stm32f10x_adc.o(.text)
    ADC_GetDualModeConversionValue           0x0800746d   Thumb Code     8  stm32f10x_adc.o(.text)
    ADC_AutoInjectedConvCmd                  0x08007475   Thumb Code    22  stm32f10x_adc.o(.text)
    ADC_InjectedDiscModeCmd                  0x0800748b   Thumb Code    22  stm32f10x_adc.o(.text)
    ADC_ExternalTrigInjectedConvConfig       0x080074a1   Thumb Code    16  stm32f10x_adc.o(.text)
    ADC_ExternalTrigInjectedConvCmd          0x080074b1   Thumb Code    22  stm32f10x_adc.o(.text)
    ADC_SoftwareStartInjectedConvCmd         0x080074c7   Thumb Code    22  stm32f10x_adc.o(.text)
    ADC_GetSoftwareStartInjectedConvCmdStatus 0x080074dd   Thumb Code    20  stm32f10x_adc.o(.text)
    ADC_InjectedChannelConfig                0x080074f1   Thumb Code   130  stm32f10x_adc.o(.text)
    ADC_InjectedSequencerLengthConfig        0x08007573   Thumb Code    24  stm32f10x_adc.o(.text)
    ADC_SetInjectedOffset                    0x0800758b   Thumb Code    20  stm32f10x_adc.o(.text)
    ADC_GetInjectedConversionValue           0x0800759f   Thumb Code    28  stm32f10x_adc.o(.text)
    ADC_AnalogWatchdogCmd                    0x080075bb   Thumb Code    16  stm32f10x_adc.o(.text)
    ADC_AnalogWatchdogThresholdsConfig       0x080075cb   Thumb Code     6  stm32f10x_adc.o(.text)
    ADC_AnalogWatchdogSingleChannelConfig    0x080075d1   Thumb Code    16  stm32f10x_adc.o(.text)
    ADC_TempSensorVrefintCmd                 0x080075e1   Thumb Code    64  stm32f10x_adc.o(.text)
    ADC_GetFlagStatus                        0x08007621   Thumb Code    18  stm32f10x_adc.o(.text)
    ADC_ClearFlag                            0x08007633   Thumb Code     6  stm32f10x_adc.o(.text)
    ADC_GetITStatus                          0x08007639   Thumb Code    36  stm32f10x_adc.o(.text)
    ADC_ClearITPendingBit                    0x0800765d   Thumb Code    10  stm32f10x_adc.o(.text)
    SPI_I2S_DeInit                           0x08007669   Thumb Code    76  stm32f10x_spi.o(.text)
    SPI_Init                                 0x080076b5   Thumb Code    60  stm32f10x_spi.o(.text)
    I2S_Init                                 0x080076f1   Thumb Code   226  stm32f10x_spi.o(.text)
    SPI_StructInit                           0x080077d3   Thumb Code    24  stm32f10x_spi.o(.text)
    I2S_StructInit                           0x080077eb   Thumb Code    20  stm32f10x_spi.o(.text)
    SPI_Cmd                                  0x080077ff   Thumb Code    24  stm32f10x_spi.o(.text)
    I2S_Cmd                                  0x08007817   Thumb Code    24  stm32f10x_spi.o(.text)
    SPI_I2S_ITConfig                         0x0800782f   Thumb Code    32  stm32f10x_spi.o(.text)
    SPI_I2S_DMACmd                           0x0800784f   Thumb Code    18  stm32f10x_spi.o(.text)
    SPI_I2S_SendData                         0x08007861   Thumb Code     4  stm32f10x_spi.o(.text)
    SPI_I2S_ReceiveData                      0x08007865   Thumb Code     6  stm32f10x_spi.o(.text)
    SPI_NSSInternalSoftwareConfig            0x0800786b   Thumb Code    30  stm32f10x_spi.o(.text)
    SPI_SSOutputCmd                          0x08007889   Thumb Code    24  stm32f10x_spi.o(.text)
    SPI_DataSizeConfig                       0x080078a1   Thumb Code    18  stm32f10x_spi.o(.text)
    SPI_TransmitCRC                          0x080078b3   Thumb Code    10  stm32f10x_spi.o(.text)
    SPI_CalculateCRC                         0x080078bd   Thumb Code    24  stm32f10x_spi.o(.text)
    SPI_GetCRC                               0x080078d5   Thumb Code    16  stm32f10x_spi.o(.text)
    SPI_GetCRCPolynomial                     0x080078e5   Thumb Code     6  stm32f10x_spi.o(.text)
    SPI_BiDirectionalLineConfig              0x080078eb   Thumb Code    28  stm32f10x_spi.o(.text)
    SPI_I2S_GetFlagStatus                    0x08007907   Thumb Code    18  stm32f10x_spi.o(.text)
    SPI_I2S_ClearFlag                        0x08007919   Thumb Code     6  stm32f10x_spi.o(.text)
    SPI_I2S_GetITStatus                      0x0800791f   Thumb Code    52  stm32f10x_spi.o(.text)
    SPI_I2S_ClearITPendingBit                0x08007953   Thumb Code    20  stm32f10x_spi.o(.text)
    BKP_DeInit                               0x08007975   Thumb Code    16  stm32f10x_bkp.o(.text)
    BKP_TamperPinLevelConfig                 0x08007985   Thumb Code     6  stm32f10x_bkp.o(.text)
    BKP_TamperPinCmd                         0x0800798b   Thumb Code     8  stm32f10x_bkp.o(.text)
    BKP_ITConfig                             0x08007993   Thumb Code     8  stm32f10x_bkp.o(.text)
    BKP_RTCOutputConfig                      0x0800799b   Thumb Code    22  stm32f10x_bkp.o(.text)
    BKP_SetRTCCalibrationValue               0x080079b1   Thumb Code    22  stm32f10x_bkp.o(.text)
    BKP_WriteBackupRegister                  0x080079c7   Thumb Code    24  stm32f10x_bkp.o(.text)
    BKP_ReadBackupRegister                   0x080079df   Thumb Code    26  stm32f10x_bkp.o(.text)
    BKP_GetFlagStatus                        0x080079f9   Thumb Code    10  stm32f10x_bkp.o(.text)
    BKP_ClearFlag                            0x08007a03   Thumb Code    18  stm32f10x_bkp.o(.text)
    BKP_GetITStatus                          0x08007a15   Thumb Code    10  stm32f10x_bkp.o(.text)
    BKP_ClearITPendingBit                    0x08007a1f   Thumb Code    18  stm32f10x_bkp.o(.text)
    PWR_DeInit                               0x08007a39   Thumb Code    22  stm32f10x_pwr.o(.text)
    PWR_BackupAccessCmd                      0x08007a4f   Thumb Code     6  stm32f10x_pwr.o(.text)
    PWR_PVDCmd                               0x08007a55   Thumb Code     6  stm32f10x_pwr.o(.text)
    PWR_PVDLevelConfig                       0x08007a5b   Thumb Code    18  stm32f10x_pwr.o(.text)
    PWR_WakeUpPinCmd                         0x08007a6d   Thumb Code     6  stm32f10x_pwr.o(.text)
    PWR_EnterSTOPMode                        0x08007a73   Thumb Code    54  stm32f10x_pwr.o(.text)
    PWR_EnterSTANDBYMode                     0x08007aa9   Thumb Code    42  stm32f10x_pwr.o(.text)
    PWR_GetFlagStatus                        0x08007ad3   Thumb Code    20  stm32f10x_pwr.o(.text)
    PWR_ClearFlag                            0x08007ae7   Thumb Code    14  stm32f10x_pwr.o(.text)
    RTC_ITConfig                             0x08007b05   Thumb Code    26  stm32f10x_rtc.o(.text)
    RTC_EnterConfigMode                      0x08007b1f   Thumb Code    18  stm32f10x_rtc.o(.text)
    RTC_ExitConfigMode                       0x08007b31   Thumb Code    20  stm32f10x_rtc.o(.text)
    RTC_GetCounter                           0x08007b45   Thumb Code    18  stm32f10x_rtc.o(.text)
    RTC_SetCounter                           0x08007b57   Thumb Code    26  stm32f10x_rtc.o(.text)
    RTC_SetPrescaler                         0x08007b71   Thumb Code    28  stm32f10x_rtc.o(.text)
    RTC_SetAlarm                             0x08007b8d   Thumb Code    26  stm32f10x_rtc.o(.text)
    RTC_GetDivider                           0x08007ba7   Thumb Code    22  stm32f10x_rtc.o(.text)
    RTC_WaitForLastTask                      0x08007bbd   Thumb Code    16  stm32f10x_rtc.o(.text)
    RTC_WaitForSynchro                       0x08007bcd   Thumb Code    34  stm32f10x_rtc.o(.text)
    RTC_GetFlagStatus                        0x08007bef   Thumb Code    22  stm32f10x_rtc.o(.text)
    RTC_ClearFlag                            0x08007c05   Thumb Code    16  stm32f10x_rtc.o(.text)
    RTC_GetITStatus                          0x08007c15   Thumb Code    32  stm32f10x_rtc.o(.text)
    RTC_ClearITPendingBit                    0x08007c35   Thumb Code    16  stm32f10x_rtc.o(.text)
    EXTI_DeInit                              0x08007c49   Thumb Code    28  stm32f10x_exti.o(.text)
    EXTI_Init                                0x08007c65   Thumb Code   142  stm32f10x_exti.o(.text)
    EXTI_StructInit                          0x08007cf3   Thumb Code    16  stm32f10x_exti.o(.text)
    EXTI_GenerateSWInterrupt                 0x08007d03   Thumb Code    16  stm32f10x_exti.o(.text)
    EXTI_GetFlagStatus                       0x08007d13   Thumb Code    22  stm32f10x_exti.o(.text)
    EXTI_ClearFlag                           0x08007d29   Thumb Code     8  stm32f10x_exti.o(.text)
    EXTI_GetITStatus                         0x08007d31   Thumb Code    34  stm32f10x_exti.o(.text)
    EXTI_ClearITPendingBit                   0x08007d53   Thumb Code     8  stm32f10x_exti.o(.text)
    SystemInit                               0x08007e41   Thumb Code    78  system_stm32f10x.o(.text)
    SystemCoreClockUpdate                    0x08007e8f   Thumb Code   142  system_stm32f10x.o(.text)
    Reset_Handler                            0x08007f41   Thumb Code     8  startup_stm32f10x_hd.o(.text)
    ADC1_2_IRQHandler                        0x08007f5b   Thumb Code     0  startup_stm32f10x_hd.o(.text)
    ADC3_IRQHandler                          0x08007f5b   Thumb Code     0  startup_stm32f10x_hd.o(.text)
    CAN1_RX1_IRQHandler                      0x08007f5b   Thumb Code     0  startup_stm32f10x_hd.o(.text)
    CAN1_SCE_IRQHandler                      0x08007f5b   Thumb Code     0  startup_stm32f10x_hd.o(.text)
    DMA1_Channel1_IRQHandler                 0x08007f5b   Thumb Code     0  startup_stm32f10x_hd.o(.text)
    DMA1_Channel2_IRQHandler                 0x08007f5b   Thumb Code     0  startup_stm32f10x_hd.o(.text)
    DMA1_Channel3_IRQHandler                 0x08007f5b   Thumb Code     0  startup_stm32f10x_hd.o(.text)
    DMA1_Channel4_IRQHandler                 0x08007f5b   Thumb Code     0  startup_stm32f10x_hd.o(.text)
    DMA1_Channel5_IRQHandler                 0x08007f5b   Thumb Code     0  startup_stm32f10x_hd.o(.text)
    DMA1_Channel6_IRQHandler                 0x08007f5b   Thumb Code     0  startup_stm32f10x_hd.o(.text)
    DMA1_Channel7_IRQHandler                 0x08007f5b   Thumb Code     0  startup_stm32f10x_hd.o(.text)
    DMA2_Channel1_IRQHandler                 0x08007f5b   Thumb Code     0  startup_stm32f10x_hd.o(.text)
    DMA2_Channel2_IRQHandler                 0x08007f5b   Thumb Code     0  startup_stm32f10x_hd.o(.text)
    DMA2_Channel3_IRQHandler                 0x08007f5b   Thumb Code     0  startup_stm32f10x_hd.o(.text)
    DMA2_Channel4_5_IRQHandler               0x08007f5b   Thumb Code     0  startup_stm32f10x_hd.o(.text)
    EXTI0_IRQHandler                         0x08007f5b   Thumb Code     0  startup_stm32f10x_hd.o(.text)
    EXTI15_10_IRQHandler                     0x08007f5b   Thumb Code     0  startup_stm32f10x_hd.o(.text)
    EXTI2_IRQHandler                         0x08007f5b   Thumb Code     0  startup_stm32f10x_hd.o(.text)
    EXTI3_IRQHandler                         0x08007f5b   Thumb Code     0  startup_stm32f10x_hd.o(.text)
    EXTI4_IRQHandler                         0x08007f5b   Thumb Code     0  startup_stm32f10x_hd.o(.text)
    EXTI9_5_IRQHandler                       0x08007f5b   Thumb Code     0  startup_stm32f10x_hd.o(.text)
    FLASH_IRQHandler                         0x08007f5b   Thumb Code     0  startup_stm32f10x_hd.o(.text)
    FSMC_IRQHandler                          0x08007f5b   Thumb Code     0  startup_stm32f10x_hd.o(.text)
    I2C1_ER_IRQHandler                       0x08007f5b   Thumb Code     0  startup_stm32f10x_hd.o(.text)
    I2C1_EV_IRQHandler                       0x08007f5b   Thumb Code     0  startup_stm32f10x_hd.o(.text)
    I2C2_ER_IRQHandler                       0x08007f5b   Thumb Code     0  startup_stm32f10x_hd.o(.text)
    I2C2_EV_IRQHandler                       0x08007f5b   Thumb Code     0  startup_stm32f10x_hd.o(.text)
    PVD_IRQHandler                           0x08007f5b   Thumb Code     0  startup_stm32f10x_hd.o(.text)
    RCC_IRQHandler                           0x08007f5b   Thumb Code     0  startup_stm32f10x_hd.o(.text)
    RTCAlarm_IRQHandler                      0x08007f5b   Thumb Code     0  startup_stm32f10x_hd.o(.text)
    RTC_IRQHandler                           0x08007f5b   Thumb Code     0  startup_stm32f10x_hd.o(.text)
    SDIO_IRQHandler                          0x08007f5b   Thumb Code     0  startup_stm32f10x_hd.o(.text)
    SPI1_IRQHandler                          0x08007f5b   Thumb Code     0  startup_stm32f10x_hd.o(.text)
    SPI2_IRQHandler                          0x08007f5b   Thumb Code     0  startup_stm32f10x_hd.o(.text)
    SPI3_IRQHandler                          0x08007f5b   Thumb Code     0  startup_stm32f10x_hd.o(.text)
    TAMPER_IRQHandler                        0x08007f5b   Thumb Code     0  startup_stm32f10x_hd.o(.text)
    TIM1_BRK_IRQHandler                      0x08007f5b   Thumb Code     0  startup_stm32f10x_hd.o(.text)
    TIM1_CC_IRQHandler                       0x08007f5b   Thumb Code     0  startup_stm32f10x_hd.o(.text)
    TIM1_TRG_COM_IRQHandler                  0x08007f5b   Thumb Code     0  startup_stm32f10x_hd.o(.text)
    TIM2_IRQHandler                          0x08007f5b   Thumb Code     0  startup_stm32f10x_hd.o(.text)
    TIM3_IRQHandler                          0x08007f5b   Thumb Code     0  startup_stm32f10x_hd.o(.text)
    TIM4_IRQHandler                          0x08007f5b   Thumb Code     0  startup_stm32f10x_hd.o(.text)
    TIM5_IRQHandler                          0x08007f5b   Thumb Code     0  startup_stm32f10x_hd.o(.text)
    TIM6_IRQHandler                          0x08007f5b   Thumb Code     0  startup_stm32f10x_hd.o(.text)
    TIM7_IRQHandler                          0x08007f5b   Thumb Code     0  startup_stm32f10x_hd.o(.text)
    TIM8_BRK_IRQHandler                      0x08007f5b   Thumb Code     0  startup_stm32f10x_hd.o(.text)
    TIM8_CC_IRQHandler                       0x08007f5b   Thumb Code     0  startup_stm32f10x_hd.o(.text)
    TIM8_TRG_COM_IRQHandler                  0x08007f5b   Thumb Code     0  startup_stm32f10x_hd.o(.text)
    TIM8_UP_IRQHandler                       0x08007f5b   Thumb Code     0  startup_stm32f10x_hd.o(.text)
    UART4_IRQHandler                         0x08007f5b   Thumb Code     0  startup_stm32f10x_hd.o(.text)
    UART5_IRQHandler                         0x08007f5b   Thumb Code     0  startup_stm32f10x_hd.o(.text)
    USART2_IRQHandler                        0x08007f5b   Thumb Code     0  startup_stm32f10x_hd.o(.text)
    USART3_IRQHandler                        0x08007f5b   Thumb Code     0  startup_stm32f10x_hd.o(.text)
    USBWakeUp_IRQHandler                     0x08007f5b   Thumb Code     0  startup_stm32f10x_hd.o(.text)
    USB_HP_CAN1_TX_IRQHandler                0x08007f5b   Thumb Code     0  startup_stm32f10x_hd.o(.text)
    USB_LP_CAN1_RX0_IRQHandler               0x08007f5b   Thumb Code     0  startup_stm32f10x_hd.o(.text)
    WWDG_IRQHandler                          0x08007f5b   Thumb Code     0  startup_stm32f10x_hd.o(.text)
    OSInitHookBegin                          0x08007f65   Thumb Code     2  os_cpu_c.o(.text)
    OSTaskReturnHook                         0x08007f67   Thumb Code     2  os_cpu_c.o(.text)
    OSInitHookEnd                            0x08007f69   Thumb Code     2  os_cpu_c.o(.text)
    OSTaskCreateHook                         0x08007f6b   Thumb Code     2  os_cpu_c.o(.text)
    OSTaskDelHook                            0x08007f6d   Thumb Code     2  os_cpu_c.o(.text)
    OSTaskIdleHook                           0x08007f6f   Thumb Code     2  os_cpu_c.o(.text)
    OSTaskStatHook                           0x08007f71   Thumb Code     2  os_cpu_c.o(.text)
    OSTaskStkInit                            0x08007f73   Thumb Code   154  os_cpu_c.o(.text)
    OSTaskSwHook                             0x0800800d   Thumb Code     2  os_cpu_c.o(.text)
    OSTCBInitHook                            0x0800800f   Thumb Code     2  os_cpu_c.o(.text)
    OSTimeTickHook                           0x08008011   Thumb Code     2  os_cpu_c.o(.text)
    OS_CPU_SR_Save                           0x08008015   Thumb Code     0  os_cpu_a.o(.text)
    OS_CPU_SR_Restore                        0x0800801d   Thumb Code     0  os_cpu_a.o(.text)
    OSStartHighRdy                           0x08008023   Thumb Code     0  os_cpu_a.o(.text)
    OSCtxSw                                  0x08008043   Thumb Code     0  os_cpu_a.o(.text)
    OSIntCtxSw                               0x0800804d   Thumb Code     0  os_cpu_a.o(.text)
    OS_CPU_PendSVHandler                     0x08008057   Thumb Code     0  os_cpu_a.o(.text)
    OS_TaskStatStkChk                        0x080080b9   Thumb Code    54  os_core.o(.text)
    OS_TaskStat                              0x080080ef   Thumb Code   116  os_core.o(.text)
    OS_TaskIdle                              0x08008197   Thumb Code    34  os_core.o(.text)
    OS_MemClr                                0x080081ed   Thumb Code    18  os_core.o(.text)
    OSInit                                   0x0800830b   Thumb Code    44  os_core.o(.text)
    OSIntEnter                               0x08008337   Thumb Code    28  os_core.o(.text)
    OSIntExit                                0x0800836d   Thumb Code   112  os_core.o(.text)
    OSSchedLock                              0x080083dd   Thumb Code    50  os_core.o(.text)
    OS_Sched                                 0x0800840f   Thumb Code    88  os_core.o(.text)
    OSSchedUnlock                            0x08008467   Thumb Code   238  os_core.o(.text)
    OSStart                                  0x08008555   Thumb Code    48  os_core.o(.text)
    OSStatInit                               0x08008585   Thumb Code    62  os_core.o(.text)
    OSTimeTick                               0x080085c3   Thumb Code   218  os_core.o(.text)
    OSVersion                                0x0800869d   Thumb Code     6  os_core.o(.text)
    OS_Dummy                                 0x080086a3   Thumb Code     2  os_core.o(.text)
    OS_EventTaskRemove                       0x080086a5   Thumb Code    42  os_core.o(.text)
    OS_EventTaskRdy                          0x080086cf   Thumb Code   118  os_core.o(.text)
    OS_EventTaskWait                         0x08008745   Thumb Code   112  os_core.o(.text)
    OS_EventWaitListInit                     0x080087b5   Thumb Code    28  os_core.o(.text)
    OS_MemCopy                               0x080087d1   Thumb Code    20  os_core.o(.text)
    OS_StrLen                                0x080087e5   Thumb Code    20  os_core.o(.text)
    OS_TCBInit                               0x080087f9   Thumb Code   294  os_core.o(.text)
    OSFlagAccept                             0x08008965   Thumb Code   252  os_flag.o(.text)
    OSFlagCreate                             0x08008a61   Thumb Code    86  os_flag.o(.text)
    OS_FlagUnlink                            0x08008ab7   Thumb Code    36  os_flag.o(.text)
    OSFlagDel                                0x08008b3b   Thumb Code   214  os_flag.o(.text)
    OSFlagNameGet                            0x08008c11   Thumb Code    80  os_flag.o(.text)
    OSFlagNameSet                            0x08008c61   Thumb Code    66  os_flag.o(.text)
    OSFlagPend                               0x08008d3b   Thumb Code   614  os_flag.o(.text)
    OSFlagPendGetFlagsRdy                    0x08008fa1   Thumb Code    26  os_flag.o(.text)
    OSFlagPost                               0x08008fbb   Thumb Code   312  os_flag.o(.text)
    OSFlagQuery                              0x080090f3   Thumb Code    48  os_flag.o(.text)
    OS_FlagInit                              0x08009123   Thumb Code    78  os_flag.o(.text)
    OSMboxAccept                             0x0800917d   Thumb Code    38  os_mbox.o(.text)
    OSMboxCreate                             0x080091a3   Thumb Code    68  os_mbox.o(.text)
    OSMboxDel                                0x080091e7   Thumb Code   200  os_mbox.o(.text)
    OSMboxPend                               0x080092af   Thumb Code   246  os_mbox.o(.text)
    OSMboxPendAbort                          0x080093a5   Thumb Code   126  os_mbox.o(.text)
    OSMboxPost                               0x08009423   Thumb Code    80  os_mbox.o(.text)
    OSMboxPostOpt                            0x08009473   Thumb Code   120  os_mbox.o(.text)
    OSMboxQuery                              0x080094eb   Thumb Code    76  os_mbox.o(.text)
    OSQAccept                                0x08009549   Thumb Code    88  os_q.o(.text)
    OSQCreate                                0x080095a1   Thumb Code   140  os_q.o(.text)
    OSQDel                                   0x0800962d   Thumb Code   236  os_q.o(.text)
    OSQFlush                                 0x08009719   Thumb Code    36  os_q.o(.text)
    OSQPend                                  0x0800973d   Thumb Code   272  os_q.o(.text)
    OSQPendAbort                             0x0800984d   Thumb Code   126  os_q.o(.text)
    OSQPost                                  0x080098cb   Thumb Code   114  os_q.o(.text)
    OSQPostFront                             0x0800993d   Thumb Code   138  os_q.o(.text)
    OSQPostOpt                               0x080099c7   Thumb Code   182  os_q.o(.text)
    OSQQuery                                 0x08009a7d   Thumb Code    98  os_q.o(.text)
    OS_QInit                                 0x08009adf   Thumb Code    72  os_q.o(.text)
    OSSemAccept                              0x08009b31   Thumb Code    42  os_sem.o(.text)
    OSSemCreate                              0x08009b5b   Thumb Code    68  os_sem.o(.text)
    OSSemDel                                 0x08009b9f   Thumb Code   200  os_sem.o(.text)
    OSSemPend                                0x08009c67   Thumb Code   222  os_sem.o(.text)
    OSSemPendAbort                           0x08009d45   Thumb Code   126  os_sem.o(.text)
    OSSemPost                                0x08009dc3   Thumb Code    88  os_sem.o(.text)
    OSSemQuery                               0x08009e1b   Thumb Code    76  os_sem.o(.text)
    OSSemSet                                 0x08009e67   Thumb Code    66  os_sem.o(.text)
    OSTaskChangePrio                         0x08009eb9   Thumb Code   310  os_task.o(.text)
    OSTaskCreate                             0x08009fef   Thumb Code   148  os_task.o(.text)
    OS_TaskStkClr                            0x0800a083   Thumb Code    26  os_task.o(.text)
    OSTaskCreateExt                          0x0800a09d   Thumb Code   170  os_task.o(.text)
    OSTaskDel                                0x0800a147   Thumb Code   294  os_task.o(.text)
    OSTaskDelReq                             0x0800a26d   Thumb Code   146  os_task.o(.text)
    OSTaskNameGet                            0x0800a2ff   Thumb Code   114  os_task.o(.text)
    OSTaskNameSet                            0x0800a371   Thumb Code    98  os_task.o(.text)
    OSTaskResume                             0x0800a3d3   Thumb Code   160  os_task.o(.text)
    OSTaskStkChk                             0x0800a473   Thumb Code   132  os_task.o(.text)
    OSTaskSuspend                            0x0800a4f7   Thumb Code   152  os_task.o(.text)
    OSTaskQuery                              0x0800a58f   Thumb Code    82  os_task.o(.text)
    OSTaskRegGet                             0x0800a5e1   Thumb Code    60  os_task.o(.text)
    OSTaskRegSet                             0x0800a61d   Thumb Code    62  os_task.o(.text)
    OS_TaskReturn                            0x0800a65b   Thumb Code    18  os_task.o(.text)
    OSTimeDly                                0x0800a685   Thumb Code   100  os_time.o(.text)
    OSTimeDlyHMSM                            0x0800a6e9   Thumb Code    86  os_time.o(.text)
    OSTimeDlyResume                          0x0800a73f   Thumb Code   176  os_time.o(.text)
    OSTimeGet                                0x0800a7ef   Thumb Code    24  os_time.o(.text)
    OSTimeSet                                0x0800a807   Thumb Code    24  os_time.o(.text)
    GUI_X_GetTime                            0x0800a83d   Thumb Code     8  gui_x_ucos.o(.text)
    GUI_X_Delay                              0x0800a845   Thumb Code    26  gui_x_ucos.o(.text)
    GUI_X_ExecIdle                           0x0800a85f   Thumb Code    10  gui_x_ucos.o(.text)
    GUI_X_InitOS                             0x0800a869   Thumb Code    24  gui_x_ucos.o(.text)
    GUI_X_Lock                               0x0800a881   Thumb Code    16  gui_x_ucos.o(.text)
    GUI_X_Unlock                             0x0800a891   Thumb Code    12  gui_x_ucos.o(.text)
    GUI_X_GetTaskId                          0x0800a89d   Thumb Code    10  gui_x_ucos.o(.text)
    GUI_X_WaitEvent                          0x0800a8a7   Thumb Code    16  gui_x_ucos.o(.text)
    GUI_X_SignalEvent                        0x0800a8b7   Thumb Code    14  gui_x_ucos.o(.text)
    GUI_X_Init                               0x0800a8c5   Thumb Code    14  gui_x_ucos.o(.text)
    GUI_X_GetKey                             0x0800a8e7   Thumb Code    20  gui_x_ucos.o(.text)
    GUI_X_WaitKey                            0x0800a8fb   Thumb Code    38  gui_x_ucos.o(.text)
    GUI_X_StoreKey                           0x0800a921   Thumb Code    18  gui_x_ucos.o(.text)
    GUI_X_Log                                0x0800a933   Thumb Code     4  gui_x_ucos.o(.text)
    GUI_X_Warn                               0x0800a937   Thumb Code     4  gui_x_ucos.o(.text)
    GUI_X_ErrorOut                           0x0800a93b   Thumb Code     4  gui_x_ucos.o(.text)
    LCD_Color2Index_M565                     0x0800a959   Thumb Code    26  lcdpm565.o(.text)
    LCD_GetIndexMask_M565                    0x0800a973   Thumb Code     6  lcdpm565.o(.text)
    GUI__IntersectRect                       0x0800a979   Thumb Code    66  gui__intersectrect.o(.text)
    GUI__IntersectRects                      0x0800a9bb   Thumb Code   136  gui__intersectrects.o(.text)
    GUI__memset                              0x0800aa43   Thumb Code    84  gui__memset.o(.text)
    GUI_ALLOC_AllocZero                      0x0800aa97   Thumb Code    42  gui_alloc_alloczero.o(.text)
    GUI_DispString                           0x0800aac1   Thumb Code   328  gui_dispstring.o(.text)
    GUI_GetBkColorIndex                      0x0800ac0d   Thumb Code    20  gui_getcolor.o(.text)
    GUI_GetBkColor                           0x0800ac21   Thumb Code    26  gui_getcolor.o(.text)
    GUI_GetColorIndex                        0x0800ac3b   Thumb Code    20  gui_getcolor.o(.text)
    GUI_GetColor                             0x0800ac4f   Thumb Code    26  gui_getcolor.o(.text)
    GUI_GotoY                                0x0800ac81   Thumb Code    24  gui_goto.o(.text)
    GUI_GotoX                                0x0800ac99   Thumb Code    24  gui_goto.o(.text)
    GUI_GotoXY                               0x0800acb1   Thumb Code    34  gui_goto.o(.text)
    GUI_MergeRect                            0x0800acd9   Thumb Code   130  gui_mergerect.o(.text)
    GUI_MoveRect                             0x0800ad5b   Thumb Code    36  gui_moverect.o(.text)
    GUI_GetKey                               0x0800ad81   Thumb Code    12  gui_onkey.o(.text)
    GUI_StoreKey                             0x0800ad8d   Thumb Code    12  gui_onkey.o(.text)
    GUI_ClearKeyBuffer                       0x0800ad99   Thumb Code    14  gui_onkey.o(.text)
    GUI_StoreKeyMsg                          0x0800ada7   Thumb Code    14  gui_onkey.o(.text)
    GUI_PollKeyMsg                           0x0800adb5   Thumb Code    62  gui_onkey.o(.text)
    GUI_SendKeyMsg                           0x0800adf3   Thumb Code    26  gui_onkey.o(.text)
    GUI_GetPenSize                           0x0800ae19   Thumb Code    18  gui_pen.o(.text)
    GUI_GetPenShape                          0x0800ae2b   Thumb Code    18  gui_pen.o(.text)
    GUI_SetPenSize                           0x0800ae3d   Thumb Code    22  gui_pen.o(.text)
    GUI_SetPenShape                          0x0800ae53   Thumb Code    22  gui_pen.o(.text)
    GUI_RectsIntersect                       0x0800ae6d   Thumb Code    58  gui_rectsintersect.o(.text)
    GUI_SaveContext_W                        0x0800aea9   Thumb Code    16  gui_savecontext.o(.text)
    GUI_RestoreContext                       0x0800aeb9   Thumb Code    16  gui_savecontext.o(.text)
    GUI_SetBkColor                           0x0800aecd   Thumb Code    20  gui_setcolor.o(.text)
    GUI_SetColor                             0x0800aee1   Thumb Code    20  gui_setcolor.o(.text)
    GL_SetDefault                            0x0800aef5   Thumb Code    54  gui_setdefault.o(.text)
    GUI_SetDefault                           0x0800af2b   Thumb Code    16  gui_setdefault.o(.text)
    GUI_SetDrawMode                          0x0800af41   Thumb Code    24  gui_setdrawmode.o(.text)
    GUI_SetFont                              0x0800af59   Thumb Code    26  gui_setfont.o(.text)
    GUI_SetLineStyle                         0x0800af79   Thumb Code    22  gui_setlinestyle.o(.text)
    GUI_SetTextAlign                         0x0800af95   Thumb Code    28  gui_settextalign.o(.text)
    GUI_SetTextMode                          0x0800afb5   Thumb Code    28  gui_settextmode.o(.text)
    GUI_UC_GetCharSize                       0x0800afd5   Thumb Code    28  gui_uc.o(.text)
    GUI_UC_GetCharCode                       0x0800aff1   Thumb Code    28  gui_uc.o(.text)
    GUI_UC_Encode                            0x0800b00d   Thumb Code    32  gui_uc.o(.text)
    GUI_UC__CalcSizeOfChar                   0x0800b02d   Thumb Code    16  gui_uc.o(.text)
    GUI_UC__GetCharCodeInc                   0x0800b03d   Thumb Code    36  gui_uc.o(.text)
    GUI_UC__NumChars2NumBytes                0x0800b061   Thumb Code    42  gui_uc.o(.text)
    GUI_UC__NumBytes2NumChars                0x0800b08b   Thumb Code    44  gui_uc.o(.text)
    GUI_UC_SetEncodeNone                     0x0800b0db   Thumb Code    18  gui_uc_encodenone.o(.text)
    GUI_ALLOC_Init                           0x0800b2a9   Thumb Code    44  guialloc.o(.text)
    GUI_ALLOC_AllocNoInit                    0x0800b3c3   Thumb Code    30  guialloc.o(.text)
    GUI_ALLOC_h2p                            0x0800b3e1   Thumb Code    20  guialloc.o(.text)
    GUI_ALLOC_GetNumFreeBytes                0x0800b3f5   Thumb Code    14  guialloc.o(.text)
    GUI_ALLOC_GetMaxSize                     0x0800b403   Thumb Code   104  guialloc.o(.text)
    GUI_ALLOC_GetSize                        0x0800b46b   Thumb Code    18  guialloc.o(.text)
    GUI_ALLOC_Free                           0x0800b47d   Thumb Code    26  guialloc.o(.text)
    GUI_ALLOC_FreePtr                        0x0800b497   Thumb Code    26  guialloc.o(.text)
    GUI_GetFontDistY                         0x0800b4c1   Thumb Code    30  guichar.o(.text)
    GUI_DispNextLine                         0x0800b4df   Thumb Code    34  guichar.o(.text)
    GL_DispChar                              0x0800b501   Thumb Code    52  guichar.o(.text)
    GUI_GetYAdjust                           0x0800b535   Thumb Code    80  guichar.o(.text)
    GUI_GetCharDistX                         0x0800b585   Thumb Code    28  guichar.o(.text)
    GUI__GetLineNumChars                     0x0800b609   Thumb Code    64  guicharline.o(.text)
    GUI__GetLineDistX                        0x0800b649   Thumb Code    64  guicharline.o(.text)
    GUI__DispLine                            0x0800b689   Thumb Code   204  guicharline.o(.text)
    GUIMONO_DispChar                         0x0800b761   Thumb Code   388  guicharm.o(.text)
    GUIMONO_GetCharDistX                     0x0800b8e5   Thumb Code    22  guicharm.o(.text)
    GUIMONO_GetFontInfo                      0x0800b8fb   Thumb Code     8  guicharm.o(.text)
    GUIMONO_IsInFont                         0x0800b903   Thumb Code    48  guicharm.o(.text)
    GUIPROP_DispChar                         0x0800b953   Thumb Code   276  guicharp.o(.text)
    GUIPROP_GetCharDistX                     0x0800ba67   Thumb Code    44  guicharp.o(.text)
    GUIPROP_GetFontInfo                      0x0800ba93   Thumb Code     8  guicharp.o(.text)
    GUIPROP_IsInFont                         0x0800ba9b   Thumb Code    26  guicharp.o(.text)
    GUI_ClearRect                            0x0800baf5   Thumb Code   124  guicore.o(.text)
    GUI_Clear                                0x0800bb71   Thumb Code    26  guicore.o(.text)
    GUI_Init                                 0x0800bb8b   Thumb Code    42  guicore.o(.text)
    GUI_Unlock                               0x0800bc11   Thumb Code    20  guitask.o(.text)
    GUI_Lock                                 0x0800bc25   Thumb Code   142  guitask.o(.text)
    GUITASK_Init                             0x0800bcb3   Thumb Code    16  guitask.o(.text)
    GUITASK_CopyContext                      0x0800bcc3   Thumb Code    54  guitask.o(.text)
    LCD_SetColorIndex                        0x0800bd21   Thumb Code    18  lcd.o(.text)
    LCD_SetBkColorIndex                      0x0800bd33   Thumb Code    18  lcd.o(.text)
    LCD_SetDrawMode                          0x0800bd45   Thumb Code    40  lcd.o(.text)
    LCD_DrawPixel                            0x0800bd6d   Thumb Code    90  lcd.o(.text)
    LCD_DrawHLine                            0x0800bdc7   Thumb Code    84  lcd.o(.text)
    LCD_FillRect                             0x0800be1b   Thumb Code   106  lcd.o(.text)
    LCD_DrawBitmap                           0x0800be85   Thumb Code   556  lcd.o(.text)
    LCD_SetClipRectMax                       0x0800c0b1   Thumb Code    12  lcd.o(.text)
    LCD_Init                                 0x0800c0bd   Thumb Code    60  lcd.o(.text)
    LCD_Color2Index                          0x0800c0f9   Thumb Code    12  lcd.o(.text)
    LCD_Index2Color                          0x0800c105   Thumb Code    12  lcd.o(.text)
    LCD_SetBkColor                           0x0800c111   Thumb Code    30  lcd.o(.text)
    LCD_SetColor                             0x0800c12f   Thumb Code    30  lcd.o(.text)
    LCD_GetBkColorIndex                      0x0800c151   Thumb Code     6  lcd_getcolorindex.o(.text)
    LCD_GetColorIndex                        0x0800c157   Thumb Code     6  lcd_getcolorindex.o(.text)
    LCD_L0_Color2Index                       0x0800c161   Thumb Code    16  lcd_l0_generic.o(.text)
    LCD_L0_Index2Color                       0x0800c171   Thumb Code    12  lcd_l0_generic.o(.text)
    LCD_L0_GetIndexMask                      0x0800c17d   Thumb Code     8  lcd_l0_generic.o(.text)
    LCD_L0_GetRect                           0x0800c185   Thumb Code    20  lcd_l0_generic.o(.text)
    LCD_SetClipRectEx                        0x0800c199   Thumb Code    22  lcd_setcliprectex.o(.text)
    LCD_GetpPalConvTableUncached             0x0800c1b5   Thumb Code    66  lcdcolor.o(.text)
    LCD_GetpPalConvTable                     0x0800c1f7   Thumb Code    12  lcdcolor.o(.text)
    LCD_InitLUT                              0x0800c203   Thumb Code     2  lcdcolor.o(.text)
    LCD_Index2Color_M565                     0x0800c209   Thumb Code    56  lcdpm565_index2color.o(.text)
    WM__RectIsNZ                             0x0800c273   Thumb Code    38  wm.o(.text)
    WM__Client2Screen                        0x0800c32f   Thumb Code    22  wm.o(.text)
    WM__ClipAtParentBorders                  0x0800c387   Thumb Code    68  wm.o(.text)
    WM__ActivateClipRect                     0x0800c3cb   Thumb Code    64  wm.o(.text)
    WM__InsertWindowIntoList                 0x0800c40b   Thumb Code   146  wm.o(.text)
    WM__RemoveWindowFromList                 0x0800c49d   Thumb Code    94  wm.o(.text)
    WM_InvalidateArea                        0x0800c4fb   Thumb Code    44  wm.o(.text)
    WM__DetachWindow                         0x0800c527   Thumb Code    36  wm.o(.text)
    WM_SelectWindow                          0x0800c54b   Thumb Code    60  wm.o(.text)
    WM__RemoveFromLinList                    0x0800c587   Thumb Code    54  wm.o(.text)
    WM_SendMessage                           0x0800c5bd   Thumb Code    40  wm.o(.text)
    WM__SendMsgNoData                        0x0800c5e5   Thumb Code    22  wm.o(.text)
    WM__IsWindow                             0x0800c5fb   Thumb Code    74  wm.o(.text)
    WM_DeleteWindow                          0x0800c645   Thumb Code   178  wm.o(.text)
    WM__InvalidateAreaBelow                  0x0800c719   Thumb Code    16  wm.o(.text)
    WM__GetClientRectWin                     0x0800c919   Thumb Code    28  wm.o(.text)
    WM_InvalidateRect                        0x0800c93f   Thumb Code   112  wm.o(.text)
    WM_InvalidateWindow                      0x0800c9af   Thumb Code    14  wm.o(.text)
    WM_CreateWindowAsChild                   0x0800c9bd   Thumb Code   318  wm.o(.text)
    WM_CreateWindow                          0x0800cafb   Thumb Code    44  wm.o(.text)
    WM_GetActiveWindow                       0x0800cb27   Thumb Code     8  wm.o(.text)
    WM__GetNextIVR                           0x0800cca3   Thumb Code   110  wm.o(.text)
    WM__InitIVRSearch                        0x0800cd11   Thumb Code   248  wm.o(.text)
    WM_SetDefault                            0x0800ce09   Thumb Code    14  wm.o(.text)
    WM__PaintWinAndOverlays                  0x0800cfcf   Thumb Code    52  wm.o(.text)
    WM_Exec1                                 0x0800d0b1   Thumb Code    74  wm.o(.text)
    WM_Exec                                  0x0800d0fb   Thumb Code    20  wm.o(.text)
    WM_DefaultProc                           0x0800d10f   Thumb Code   102  wm.o(.text)
    WM_Activate                              0x0800d1c1   Thumb Code     8  wm.o(.text)
    WM_Deactivate                            0x0800d1c9   Thumb Code    22  wm.o(.text)
    WM_Init                                  0x0800d1df   Thumb Code   108  wm.o(.text)
    WM__GetFirstSibling                      0x0800d28d   Thumb Code    30  wm__getfirstsibling.o(.text)
    WM__GetPrevSibling                       0x0800d2ab   Thumb Code    54  wm__getprevsibling.o(.text)
    WM__SendMessage                          0x0800d2e1   Thumb Code    36  wm__sendmessage.o(.text)
    WM_BringToBottom                         0x0800d305   Thumb Code    80  wm_bringtobottom.o(.text)
    WM__AddCriticalHandle                    0x0800d355   Thumb Code    12  wm_criticalhandle.o(.text)
    WM__RemoveCriticalHandle                 0x0800d361   Thumb Code    64  wm_criticalhandle.o(.text)
    WM_GetDesktopWindow                      0x0800d3a5   Thumb Code     8  wm_getdesktopwindow.o(.text)
    WM_GetParent                             0x0800d3b1   Thumb Code    28  wm_getparent.o(.text)
    WM_NotifyParent                          0x0800d3cd   Thumb Code    22  wm_notifyparent.o(.text)
    WM_OnKey                                 0x0800d3e5   Thumb Code    58  wm_onkey.o(.text)
    WM_SendToParent                          0x0800d425   Thumb Code    40  wm_sendtoparent.o(.text)
    ___aeabi_memcpy8$move                    0x0800d44d   Thumb Code     0  memmovea.o(.text)
    __aeabi_memcpy                           0x0800d44d   Thumb Code    64  memmovea.o(.text)
    __aeabi_memcpy4                          0x0800d44d   Thumb Code     0  memmovea.o(.text)
    __aeabi_memmove                          0x0800d44d   Thumb Code     0  memmovea.o(.text)
    __aeabi_memmove4                         0x0800d44d   Thumb Code     0  memmovea.o(.text)
    __aeabi_memmove8                         0x0800d44d   Thumb Code     0  memmovea.o(.text)
    __aeabi_uidiv                            0x0800d48d   Thumb Code     0  uidiv.o(.text)
    __aeabi_uidivmod                         0x0800d48d   Thumb Code    44  uidiv.o(.text)
    __scatterload                            0x0800d4b9   Thumb Code    28  init.o(.text)
    __scatterload_rt2                        0x0800d4b9   Thumb Code     0  init.o(.text)
    __0printf$1                              0x0800d4dd   Thumb Code    22  printf1.o(i.__0printf$1)
    __1printf$1                              0x0800d4dd   Thumb Code     0  printf1.o(i.__0printf$1)
    __2printf                                0x0800d4dd   Thumb Code     0  printf1.o(i.__0printf$1)
    __scatterload_copy                       0x0800d4fd   Thumb Code    14  handlers.o(i.__scatterload_copy)
    __scatterload_null                       0x0800d50b   Thumb Code     2  handlers.o(i.__scatterload_null)
    __scatterload_zeroinit                   0x0800d50d   Thumb Code    14  handlers.o(i.__scatterload_zeroinit)
    atab                                     0x0800d670   Data         943  vs1003.o(.constdata)
    dtab                                     0x0800da20   Data        1886  vs1003.o(.constdata)
    asc2_1206                                0x0800e17e   Data        1140  ili93xx.o(.constdata)
    asc2_1608                                0x0800e5f2   Data        1520  ili93xx.o(.constdata)
    OSUnMapTbl                               0x0800ec8e   Data         256  os_core.o(.constdata)
    GUI__API_TableNone                       0x0800ed90   Data          16  gui_uc_encodenone.o(.constdata)
    GUI_acFont6x8                            0x0800eda0   Data        1304  f6x8.o(.constdata)
    GUI_F6x8_TL8859_1                        0x0800f2b8   Data         448  f6x8.o(.constdata)
    GUI_F6x8_TI8859_1                        0x0800f478   Data           8  f6x8.o(.constdata)
    GUI_F6x8_Mono                            0x0800f480   Data          20  f6x8.o(.constdata)
    GUI_Font6x8                              0x0800f494   Data          32  f6x8.o(.constdata)
    GUI_Font6x9                              0x0800f4b4   Data          32  f6x8.o(.constdata)
    acFont32B_ASCII_0020                     0x0800f4d4   Data          32  f32b_ascii.o(.constdata)
    acFont32B_ASCII_0021                     0x0800f4f4   Data          32  f32b_ascii.o(.constdata)
    acFont32B_ASCII_0022                     0x0800f514   Data          64  f32b_ascii.o(.constdata)
    acFont32B_ASCII_0023                     0x0800f554   Data          64  f32b_ascii.o(.constdata)
    acFont32B_ASCII_0024                     0x0800f594   Data          64  f32b_ascii.o(.constdata)
    acFont32B_ASCII_0025                     0x0800f5d4   Data          96  f32b_ascii.o(.constdata)
    acFont32B_ASCII_0026                     0x0800f634   Data          96  f32b_ascii.o(.constdata)
    acFont32B_ASCII_0027                     0x0800f694   Data          32  f32b_ascii.o(.constdata)
    acFont32B_ASCII_0028                     0x0800f6b4   Data          64  f32b_ascii.o(.constdata)
    acFont32B_ASCII_0029                     0x0800f6f4   Data          64  f32b_ascii.o(.constdata)
    acFont32B_ASCII_002A                     0x0800f734   Data          64  f32b_ascii.o(.constdata)
    acFont32B_ASCII_002B                     0x0800f774   Data          64  f32b_ascii.o(.constdata)
    acFont32B_ASCII_002C                     0x0800f7b4   Data          32  f32b_ascii.o(.constdata)
    acFont32B_ASCII_002D                     0x0800f7d4   Data          64  f32b_ascii.o(.constdata)
    acFont32B_ASCII_002E                     0x0800f814   Data          32  f32b_ascii.o(.constdata)
    acFont32B_ASCII_002F                     0x0800f834   Data          32  f32b_ascii.o(.constdata)
    acFont32B_ASCII_0030                     0x0800f854   Data          64  f32b_ascii.o(.constdata)
    acFont32B_ASCII_0031                     0x0800f894   Data          64  f32b_ascii.o(.constdata)
    acFont32B_ASCII_0032                     0x0800f8d4   Data          64  f32b_ascii.o(.constdata)
    acFont32B_ASCII_0033                     0x0800f914   Data          64  f32b_ascii.o(.constdata)
    acFont32B_ASCII_0034                     0x0800f954   Data          64  f32b_ascii.o(.constdata)
    acFont32B_ASCII_0035                     0x0800f994   Data          64  f32b_ascii.o(.constdata)
    acFont32B_ASCII_0036                     0x0800f9d4   Data          64  f32b_ascii.o(.constdata)
    acFont32B_ASCII_0037                     0x0800fa14   Data          64  f32b_ascii.o(.constdata)
    acFont32B_ASCII_0038                     0x0800fa54   Data          64  f32b_ascii.o(.constdata)
    acFont32B_ASCII_0039                     0x0800fa94   Data          64  f32b_ascii.o(.constdata)
    acFont32B_ASCII_003A                     0x0800fad4   Data          64  f32b_ascii.o(.constdata)
    acFont32B_ASCII_003B                     0x0800fb14   Data          64  f32b_ascii.o(.constdata)
    acFont32B_ASCII_003C                     0x0800fb54   Data          64  f32b_ascii.o(.constdata)
    acFont32B_ASCII_003D                     0x0800fb94   Data          64  f32b_ascii.o(.constdata)
    acFont32B_ASCII_003E                     0x0800fbd4   Data          64  f32b_ascii.o(.constdata)
    acFont32B_ASCII_003F                     0x0800fc14   Data          96  f32b_ascii.o(.constdata)
    acFont32B_ASCII_0040                     0x0800fc74   Data         128  f32b_ascii.o(.constdata)
    acFont32B_ASCII_0041                     0x0800fcf4   Data          96  f32b_ascii.o(.constdata)
    acFont32B_ASCII_0042                     0x0800fd54   Data          96  f32b_ascii.o(.constdata)
    acFont32B_ASCII_0043                     0x0800fdb4   Data          96  f32b_ascii.o(.constdata)
    acFont32B_ASCII_0044                     0x0800fe14   Data          96  f32b_ascii.o(.constdata)
    acFont32B_ASCII_0045                     0x0800fe74   Data          96  f32b_ascii.o(.constdata)
    acFont32B_ASCII_0046                     0x0800fed4   Data          96  f32b_ascii.o(.constdata)
    acFont32B_ASCII_0047                     0x0800ff34   Data          96  f32b_ascii.o(.constdata)
    acFont32B_ASCII_0048                     0x0800ff94   Data          96  f32b_ascii.o(.constdata)
    acFont32B_ASCII_0049                     0x0800fff4   Data          32  f32b_ascii.o(.constdata)
    acFont32B_ASCII_004A                     0x08010014   Data          64  f32b_ascii.o(.constdata)
    acFont32B_ASCII_004B                     0x08010054   Data          96  f32b_ascii.o(.constdata)
    acFont32B_ASCII_004C                     0x080100b4   Data          96  f32b_ascii.o(.constdata)
    acFont32B_ASCII_004D                     0x08010114   Data          96  f32b_ascii.o(.constdata)
    acFont32B_ASCII_004E                     0x08010174   Data          96  f32b_ascii.o(.constdata)
    acFont32B_ASCII_004F                     0x080101d4   Data          96  f32b_ascii.o(.constdata)
    acFont32B_ASCII_0050                     0x08010234   Data          96  f32b_ascii.o(.constdata)
    acFont32B_ASCII_0051                     0x08010294   Data          96  f32b_ascii.o(.constdata)
    acFont32B_ASCII_0052                     0x080102f4   Data          96  f32b_ascii.o(.constdata)
    acFont32B_ASCII_0053                     0x08010354   Data          96  f32b_ascii.o(.constdata)
    acFont32B_ASCII_0054                     0x080103b4   Data          96  f32b_ascii.o(.constdata)
    acFont32B_ASCII_0055                     0x08010414   Data          96  f32b_ascii.o(.constdata)
    acFont32B_ASCII_0056                     0x08010474   Data          96  f32b_ascii.o(.constdata)
    acFont32B_ASCII_0057                     0x080104d4   Data         128  f32b_ascii.o(.constdata)
    acFont32B_ASCII_0058                     0x08010554   Data          96  f32b_ascii.o(.constdata)
    acFont32B_ASCII_0059                     0x080105b4   Data          96  f32b_ascii.o(.constdata)
    acFont32B_ASCII_005A                     0x08010614   Data          96  f32b_ascii.o(.constdata)
    acFont32B_ASCII_005B                     0x08010674   Data          64  f32b_ascii.o(.constdata)
    acFont32B_ASCII_005C                     0x080106b4   Data          32  f32b_ascii.o(.constdata)
    acFont32B_ASCII_005D                     0x080106d4   Data          64  f32b_ascii.o(.constdata)
    acFont32B_ASCII_005E                     0x08010714   Data          64  f32b_ascii.o(.constdata)
    acFont32B_ASCII_005F                     0x08010754   Data          64  f32b_ascii.o(.constdata)
    acFont32B_ASCII_0060                     0x08010794   Data          64  f32b_ascii.o(.constdata)
    acFont32B_ASCII_0061                     0x080107d4   Data          64  f32b_ascii.o(.constdata)
    acFont32B_ASCII_0062                     0x08010814   Data          96  f32b_ascii.o(.constdata)
    acFont32B_ASCII_0063                     0x08010874   Data          64  f32b_ascii.o(.constdata)
    acFont32B_ASCII_0064                     0x080108b4   Data          96  f32b_ascii.o(.constdata)
    acFont32B_ASCII_0065                     0x08010914   Data          64  f32b_ascii.o(.constdata)
    acFont32B_ASCII_0066                     0x08010954   Data          64  f32b_ascii.o(.constdata)
    acFont32B_ASCII_0067                     0x08010994   Data          96  f32b_ascii.o(.constdata)
    acFont32B_ASCII_0068                     0x080109f4   Data          96  f32b_ascii.o(.constdata)
    acFont32B_ASCII_0069                     0x08010a54   Data          32  f32b_ascii.o(.constdata)
    acFont32B_ASCII_006A                     0x08010a74   Data          32  f32b_ascii.o(.constdata)
    acFont32B_ASCII_006B                     0x08010a94   Data          64  f32b_ascii.o(.constdata)
    acFont32B_ASCII_006C                     0x08010ad4   Data          32  f32b_ascii.o(.constdata)
    acFont32B_ASCII_006D                     0x08010af4   Data         128  f32b_ascii.o(.constdata)
    acFont32B_ASCII_006E                     0x08010b74   Data          96  f32b_ascii.o(.constdata)
    acFont32B_ASCII_006F                     0x08010bd4   Data          96  f32b_ascii.o(.constdata)
    acFont32B_ASCII_0070                     0x08010c34   Data          96  f32b_ascii.o(.constdata)
    acFont32B_ASCII_0071                     0x08010c94   Data          96  f32b_ascii.o(.constdata)
    acFont32B_ASCII_0072                     0x08010cf4   Data          64  f32b_ascii.o(.constdata)
    acFont32B_ASCII_0073                     0x08010d34   Data          64  f32b_ascii.o(.constdata)
    acFont32B_ASCII_0074                     0x08010d74   Data          64  f32b_ascii.o(.constdata)
    acFont32B_ASCII_0075                     0x08010db4   Data          96  f32b_ascii.o(.constdata)
    acFont32B_ASCII_0076                     0x08010e14   Data          64  f32b_ascii.o(.constdata)
    acFont32B_ASCII_0077                     0x08010e54   Data          96  f32b_ascii.o(.constdata)
    acFont32B_ASCII_0078                     0x08010eb4   Data          64  f32b_ascii.o(.constdata)
    acFont32B_ASCII_0079                     0x08010ef4   Data          64  f32b_ascii.o(.constdata)
    acFont32B_ASCII_007A                     0x08010f34   Data          64  f32b_ascii.o(.constdata)
    acFont32B_ASCII_007B                     0x08010f74   Data          64  f32b_ascii.o(.constdata)
    acFont32B_ASCII_007C                     0x08010fb4   Data          32  f32b_ascii.o(.constdata)
    acFont32B_ASCII_007D                     0x08010fd4   Data          64  f32b_ascii.o(.constdata)
    acFont32B_ASCII_007E                     0x08011014   Data          64  f32b_ascii.o(.constdata)
    GUI_Font32B_ASCII_CharInfo               0x08011054   Data         760  f32b_ascii.o(.constdata)
    GUI_Font32B_ASCII_Prop1                  0x0801134c   Data          12  f32b_ascii.o(.constdata)
    GUI_Font32B_ASCII                        0x08011358   Data          32  f32b_ascii.o(.constdata)
    Region$$Table$$Base                      0x08011378   Number         0  anon$$obj.o(Region$$Table)
    Region$$Table$$Limit                     0x08011398   Number         0  anon$$obj.o(Region$$Table)
    SD_Type                                  0x20000004   Data           1  sd.o(.data)
    SDCard_Info                              0x20000006   Data           6  sd.o(.data)
    POINT_COLOR                              0x2000000c   Data           2  ili93xx.o(.data)
    BACK_COLOR                               0x2000000e   Data           2  ili93xx.o(.data)
    SystemCoreClock                          0x20000030   Data           4  system_stm32f10x.o(.data)
    AHBPrescTable                            0x20000034   Data          16  system_stm32f10x.o(.data)
    OSCtxSwCtr                               0x20000044   Data           4  os_core.o(.data)
    OSEventFreeList                          0x20000048   Data           4  os_core.o(.data)
    OSFlagFreeList                           0x2000004c   Data           4  os_core.o(.data)
    OSCPUUsage                               0x20000050   Data           1  os_core.o(.data)
    OSIdleCtrMax                             0x20000054   Data           4  os_core.o(.data)
    OSIdleCtrRun                             0x20000058   Data           4  os_core.o(.data)
    OSStatRdy                                0x2000005c   Data           1  os_core.o(.data)
    OSIntNesting                             0x2000005d   Data           1  os_core.o(.data)
    OSLockNesting                            0x2000005e   Data           1  os_core.o(.data)
    OSPrioCur                                0x2000005f   Data           1  os_core.o(.data)
    OSPrioHighRdy                            0x20000060   Data           1  os_core.o(.data)
    OSRdyGrp                                 0x20000061   Data           1  os_core.o(.data)
    OSRdyTbl                                 0x20000062   Data           8  os_core.o(.data)
    OSRunning                                0x2000006a   Data           1  os_core.o(.data)
    OSTaskCtr                                0x2000006b   Data           1  os_core.o(.data)
    OSIdleCtr                                0x2000006c   Data           4  os_core.o(.data)
    OSTCBCur                                 0x20000070   Data           4  os_core.o(.data)
    OSTCBFreeList                            0x20000074   Data           4  os_core.o(.data)
    OSTCBHighRdy                             0x20000078   Data           4  os_core.o(.data)
    OSTCBList                                0x2000007c   Data           4  os_core.o(.data)
    OSTickStepState                          0x20000080   Data           1  os_core.o(.data)
    OSQFreeList                              0x20000084   Data           4  os_core.o(.data)
    OSTime                                   0x20000088   Data           4  os_core.o(.data)
    GUI_pfKeyMsgHook                         0x200000b0   Data           4  gui_onkey.o(.data)
    GUI_DecChar                              0x200000b8   Data           1  guicore.o(.data)
    GUI_pfTimerExec                          0x200000bc   Data           4  guicore.o(.data)
    WM_pfHandlePID                           0x200000c0   Data           4  guicore.o(.data)
    GUI_pfDispCharStyle                      0x200000c4   Data           4  guicore.o(.data)
    GUI_pLCD_APIList                         0x200000c8   Data           4  guicore.o(.data)
    GUI_CURSOR_pfTempHide                    0x200000cc   Data           4  guicore.o(.data)
    GUI_CURSOR_pfTempUnhide                  0x200000d0   Data           4  guicore.o(.data)
    WM__NumWindows                           0x200000e2   Data           2  wm.o(.data)
    WM__NumInvalidWindows                    0x200000e4   Data           2  wm.o(.data)
    WM__FirstWin                             0x200000e6   Data           2  wm.o(.data)
    WM__pFirstCriticalHandle                 0x200000e8   Data           4  wm.o(.data)
    WM__ahDesktopWin                         0x200000ec   Data           2  wm.o(.data)
    WM__aBkColor                             0x200000f0   Data           4  wm.o(.data)
    WM_IsActive                              0x200000f4   Data           1  wm.o(.data)
    WM__CreateFlags                          0x200000f6   Data           2  wm.o(.data)
    WM__hCapture                             0x200000f8   Data           2  wm.o(.data)
    WM__hWinFocus                            0x200000fa   Data           2  wm.o(.data)
    WM__CaptureReleaseAuto                   0x200000fc   Data           1  wm.o(.data)
    WM_pfPollPID                             0x20000100   Data           4  wm.o(.data)
    WM__PaintCallbackCnt                     0x20000104   Data           1  wm.o(.data)
    WM__TransWindowCnt                       0x20000108   Data           4  wm.o(.data)
    WM__hATransWindow                        0x2000010c   Data           2  wm.o(.data)
    WM__CHWinModal                           0x20000114   Data           8  wmtouch.o(.data)
    WM__CHWinLast                            0x2000011c   Data           8  wmtouch.o(.data)
    __stdout                                 0x20000124   Data           4  stdout.o(.data)
    TASK_START_STK                           0x20000128   Data         128  main.o(.bss)
    deadloopTask_STK                         0x200001a8   Data         128  main.o(.bss)
    fs                                       0x20000228   Data         564  fat_api.o(.bss)
    SD_Buffer                                0x2000045c   Data         520  fat_api.o(.bss)
    FileList                                 0x20000664   Data        2160  fat_api.o(.bss)
    wave                                     0x20000ed4   Data          14  vs1003.o(.bss)
    lcddev                                   0x20000ee2   Data          14  ili93xx.o(.bss)
    TIM4_TimeBaseStructure                   0x20000ef0   Data          10  initialize.o(.bss)
    TIM4_OCInitStructure                     0x20000efa   Data          16  initialize.o(.bss)
    TIM4_BDTRInitStructure                   0x20000f0a   Data          14  initialize.o(.bss)
    OSEventTbl                               0x20000f18   Data         200  os_core.o(.bss)
    OSFlagTbl                                0x20000fe0   Data          80  os_core.o(.bss)
    OSTaskStatStk                            0x20001030   Data         512  os_core.o(.bss)
    OSTaskIdleStk                            0x20001230   Data         512  os_core.o(.bss)
    OSTCBPrioTbl                             0x20001430   Data         256  os_core.o(.bss)
    OSTCBTbl                                 0x20001530   Data         588  os_core.o(.bss)
    OSQTbl                                   0x2000177c   Data          96  os_core.o(.bss)
    GUI_Heap                                 0x200017dc   Data       10240  guialloc.o(.bss)
    GUI_ALLOC                                0x200049ec   Data          20  guialloc.o(.bss)
    GUI_Context                              0x20004a00   Data          72  guicore.o(.bss)
    LCD__aConvTable                          0x20004b78   Data         512  lcdcolor.o(.bss)
    WM_PID__StateLast                        0x20004d78   Data          12  wm.o(.bss)
    __initial_sp                             0x20005ca0   Data           0  startup_stm32f10x_hd.o(STACK)



==============================================================================

Memory Map of the image

  Image Entry point : 0x08000131

  Load Region LR_IROM1 (Base: 0x08000000, Size: 0x000114c0, Max: 0x00080000, ABSOLUTE)

    Execution Region ER_IROM1 (Base: 0x08000000, Size: 0x00011398, Max: 0x00080000, ABSOLUTE)

    Base Addr    Size         Type   Attr      Idx    E Section Name        Object

    0x08000000   0x00000130   Data   RO         1178    RESET               startup_stm32f10x_hd.o
    0x08000130   0x00000000   Code   RO         9696  * .ARM.Collect$$$$00000000  mc_w.l(entry.o)
    0x08000130   0x00000004   Code   RO        10062    .ARM.Collect$$$$00000001  mc_w.l(entry2.o)
    0x08000134   0x00000004   Code   RO        10065    .ARM.Collect$$$$00000004  mc_w.l(entry5.o)
    0x08000138   0x00000000   Code   RO        10067    .ARM.Collect$$$$00000008  mc_w.l(entry7b.o)
    0x08000138   0x00000000   Code   RO        10069    .ARM.Collect$$$$0000000A  mc_w.l(entry8b.o)
    0x08000138   0x00000008   Code   RO        10070    .ARM.Collect$$$$0000000B  mc_w.l(entry9a.o)
    0x08000140   0x00000000   Code   RO        10072    .ARM.Collect$$$$0000000D  mc_w.l(entry10a.o)
    0x08000140   0x00000000   Code   RO        10074    .ARM.Collect$$$$0000000F  mc_w.l(entry11a.o)
    0x08000140   0x00000004   Code   RO        10063    .ARM.Collect$$$$00002712  mc_w.l(entry2.o)
    0x08000144   0x0000010c   Code   RO            3    .text               main.o
    0x08000250   0x00000094   Code   RO          304    .text               stm32f10x_it.o
    0x080002e4   0x000000d0   Code   RO          328    .text               delay.o
    0x080003b4   0x000005d4   Code   RO          549    .text               sd.o
    0x08000988   0x0000029c   Code   RO          576    .text               vs1003.o
    0x08000c24   0x00000070   Code   RO          649    .text               led.o
    0x08000c94   0x000009b8   Code   RO          669    .text               lcd_gui.o
    0x0800164c   0x00000978   Code   RO          717    .text               ili93xx.o
    0x08001fc4   0x000000ae   Code   RO          756    .text               diskio.o
    0x08002072   0x00000002   PAD
    0x08002074   0x00002588   Code   RO          777    .text               ff.o
    0x080045fc   0x0000062c   Code   RO          817    .text               initialize.o
    0x08004c28   0x000000dc   Code   RO          841    .text               misc.o
    0x08004d04   0x00000618   Code   RO          881    .text               stm32f10x_fsmc.o
    0x0800531c   0x00000358   Code   RO          901    .text               stm32f10x_gpio.o
    0x08005674   0x000003a4   Code   RO          921    .text               stm32f10x_rcc.o
    0x08005a18   0x00000428   Code   RO          943    .text               stm32f10x_usart.o
    0x08005e40   0x000005bc   Code   RO          963    .text               stm32f10x_flash.o
    0x080063fc   0x00000e1a   Code   RO          983    .text               stm32f10x_tim.o
    0x08007216   0x00000002   PAD
    0x08007218   0x0000044e   Code   RO         1003    .text               stm32f10x_adc.o
    0x08007666   0x00000002   PAD
    0x08007668   0x0000030c   Code   RO         1023    .text               stm32f10x_spi.o
    0x08007974   0x000000c4   Code   RO         1043    .text               stm32f10x_bkp.o
    0x08007a38   0x000000cc   Code   RO         1063    .text               stm32f10x_pwr.o
    0x08007b04   0x00000144   Code   RO         1083    .text               stm32f10x_rtc.o
    0x08007c48   0x0000011c   Code   RO         1103    .text               stm32f10x_exti.o
    0x08007d64   0x000001dc   Code   RO         1133    .text               system_stm32f10x.o
    0x08007f40   0x00000024   Code   RO         1179    .text               startup_stm32f10x_hd.o
    0x08007f64   0x000000ae   Code   RO         1185    .text               os_cpu_c.o
    0x08008012   0x00000002   PAD
    0x08008014   0x000000a4   Code   RO         1231    .text               os_cpu_a.o
    0x080080b8   0x000008ac   Code   RO         1236    .text               os_core.o
    0x08008964   0x00000818   Code   RO         1264    .text               os_flag.o
    0x0800917c   0x000003cc   Code   RO         1284    .text               os_mbox.o
    0x08009548   0x000005e8   Code   RO         1338    .text               os_q.o
    0x08009b30   0x00000388   Code   RO         1358    .text               os_sem.o
    0x08009eb8   0x000007cc   Code   RO         1378    .text               os_task.o
    0x0800a684   0x000001b8   Code   RO         1398    .text               os_time.o
    0x0800a83c   0x0000011c   Code   RO         1460    .text               gui_x_ucos.o
    0x0800a958   0x00000020   Code   RO         1881    .text               lcdpm565.o
    0x0800a978   0x00000042   Code   RO         2029    .text               gui__intersectrect.o
    0x0800a9ba   0x00000088   Code   RO         2041    .text               gui__intersectrects.o
    0x0800aa42   0x00000054   Code   RO         2053    .text               gui__memset.o
    0x0800aa96   0x0000002a   Code   RO         2251    .text               gui_alloc_alloczero.o
    0x0800aac0   0x0000014c   Code   RO         2738    .text               gui_dispstring.o
    0x0800ac0c   0x0000005c   Code   RO         3078    .text               gui_getcolor.o
    0x0800ac68   0x00000070   Code   RO         3224    .text               gui_goto.o
    0x0800acd8   0x00000082   Code   RO         3284    .text               gui_mergerect.o
    0x0800ad5a   0x00000024   Code   RO         3324    .text               gui_moverect.o
    0x0800ad7e   0x00000002   PAD
    0x0800ad80   0x00000098   Code   RO         3336    .text               gui_onkey.o
    0x0800ae18   0x00000054   Code   RO         3359    .text               gui_pen.o
    0x0800ae6c   0x0000003a   Code   RO         3385    .text               gui_rectsintersect.o
    0x0800aea6   0x00000002   PAD
    0x0800aea8   0x00000024   Code   RO         3397    .text               gui_savecontext.o
    0x0800aecc   0x00000028   Code   RO         3433    .text               gui_setcolor.o
    0x0800aef4   0x0000004c   Code   RO         3469    .text               gui_setdefault.o
    0x0800af40   0x00000018   Code   RO         3481    .text               gui_setdrawmode.o
    0x0800af58   0x00000020   Code   RO         3493    .text               gui_setfont.o
    0x0800af78   0x0000001c   Code   RO         3517    .text               gui_setlinestyle.o
    0x0800af94   0x00000020   Code   RO         3591    .text               gui_settextalign.o
    0x0800afb4   0x00000020   Code   RO         3603    .text               gui_settextmode.o
    0x0800afd4   0x000000e8   Code   RO         3723    .text               gui_uc.o
    0x0800b0bc   0x00000038   Code   RO         3747    .text               gui_uc_encodenone.o
    0x0800b0f4   0x000003cc   Code   RO         3831    .text               guialloc.o
    0x0800b4c0   0x000000e8   Code   RO         3859    .text               guichar.o
    0x0800b5a8   0x000001b8   Code   RO         3871    .text               guicharline.o
    0x0800b760   0x000001d8   Code   RO         3883    .text               guicharm.o
    0x0800b938   0x00000180   Code   RO         3895    .text               guicharp.o
    0x0800bab8   0x0000010c   Code   RO         3931    .text               guicore.o
    0x0800bbc4   0x00000148   Code   RO         4063    .text               guitask.o
    0x0800bd0c   0x00000444   Code   RO         4141    .text               lcd.o
    0x0800c150   0x00000010   Code   RO         4223    .text               lcd_getcolorindex.o
    0x0800c160   0x00000038   Code   RO         4283    .text               lcd_l0_generic.o
    0x0800c198   0x0000001c   Code   RO         4466    .text               lcd_setcliprectex.o
    0x0800c1b4   0x00000054   Code   RO         4502    .text               lcdcolor.o
    0x0800c208   0x00000038   Code   RO         4617    .text               lcdpm565_index2color.o
    0x0800c240   0x0000104c   Code   RO         8444    .text               wm.o
    0x0800d28c   0x0000001e   Code   RO         8479    .text               wm__getfirstsibling.o
    0x0800d2aa   0x00000036   Code   RO         8527    .text               wm__getprevsibling.o
    0x0800d2e0   0x00000024   Code   RO         8599    .text               wm__sendmessage.o
    0x0800d304   0x00000050   Code   RO         8659    .text               wm_bringtobottom.o
    0x0800d354   0x00000050   Code   RO         8707    .text               wm_criticalhandle.o
    0x0800d3a4   0x0000000c   Code   RO         8791    .text               wm_getdesktopwindow.o
    0x0800d3b0   0x0000001c   Code   RO         8951    .text               wm_getparent.o
    0x0800d3cc   0x00000016   Code   RO         9167    .text               wm_notifyparent.o
    0x0800d3e2   0x00000002   PAD
    0x0800d3e4   0x00000040   Code   RO         9179    .text               wm_onkey.o
    0x0800d424   0x00000028   Code   RO         9251    .text               wm_sendtoparent.o
    0x0800d44c   0x00000040   Code   RO         9701    .text               mc_w.l(memmovea.o)
    0x0800d48c   0x0000002c   Code   RO        10077    .text               mc_w.l(uidiv.o)
    0x0800d4b8   0x00000024   Code   RO        10113    .text               mc_w.l(init.o)
    0x0800d4dc   0x00000020   Code   RO         9764    i.__0printf$1       mc_w.l(printf1.o)
    0x0800d4fc   0x0000000e   Code   RO        10117    i.__scatterload_copy  mc_w.l(handlers.o)
    0x0800d50a   0x00000002   Code   RO        10118    i.__scatterload_null  mc_w.l(handlers.o)
    0x0800d50c   0x0000000e   Code   RO        10119    i.__scatterload_zeroinit  mc_w.l(handlers.o)
    0x0800d51a   0x00000002   PAD
    0x0800d51c   0x00000154   Code   RO         9771    i._printf_core      mc_w.l(printf1.o)
    0x0800d670   0x00000b0e   Data   RO          578    .constdata          vs1003.o
    0x0800e17e   0x00000a64   Data   RO          719    .constdata          ili93xx.o
    0x0800ebe2   0x000000ac   Data   RO          778    .constdata          ff.o
    0x0800ec8e   0x00000100   Data   RO         1238    .constdata          os_core.o
    0x0800ed8e   0x00000002   PAD
    0x0800ed90   0x00000010   Data   RO         3748    .constdata          gui_uc_encodenone.o
    0x0800eda0   0x00000734   Data   RO         4674    .constdata          f6x8.o
    0x0800f4d4   0x00001ea4   Data   RO         5225    .constdata          f32b_ascii.o
    0x08011378   0x00000020   Data   RO        10115    Region$$Table       anon$$obj.o


    Execution Region RW_IRAM1 (Base: 0x20000000, Size: 0x00005ca0, Max: 0x00010000, ABSOLUTE)

    Base Addr    Size         Type   Attr      Idx    E Section Name        Object

    0x20000000   0x00000004   Data   RW          329    .data               delay.o
    0x20000004   0x00000008   Data   RW          550    .data               sd.o
    0x2000000c   0x00000004   Data   RW          720    .data               ili93xx.o
    0x20000010   0x0000000b   Data   RW          779    .data               ff.o
    0x2000001b   0x00000014   Data   RW          922    .data               stm32f10x_rcc.o
    0x2000002f   0x00000001   PAD
    0x20000030   0x00000014   Data   RW         1134    .data               system_stm32f10x.o
    0x20000044   0x00000048   Data   RW         1239    .data               os_core.o
    0x2000008c   0x00000011   Data   RW         1461    .data               gui_x_ucos.o
    0x2000009d   0x00000003   PAD
    0x200000a0   0x00000014   Data   RW         3337    .data               gui_onkey.o
    0x200000b4   0x00000001   Data   RW         3833    .data               guialloc.o
    0x200000b5   0x00000003   PAD
    0x200000b8   0x0000001c   Data   RW         3933    .data               guicore.o
    0x200000d4   0x0000000c   Data   RW         4065    .data               guitask.o
    0x200000e0   0x00000031   Data   RW         8446    .data               wm.o
    0x20000111   0x00000003   PAD
    0x20000114   0x00000010   Data   RW         9590    .data               wmtouch.o
    0x20000124   0x00000004   Data   RW        10076    .data               mc_w.l(stdout.o)
    0x20000128   0x00000100   Zero   RW            4    .bss                main.o
    0x20000228   0x00000cac   Zero   RW          436    .bss                fat_api.o
    0x20000ed4   0x0000000e   Zero   RW          577    .bss                vs1003.o
    0x20000ee2   0x0000000e   Zero   RW          718    .bss                ili93xx.o
    0x20000ef0   0x00000028   Zero   RW          818    .bss                initialize.o
    0x20000f18   0x000008c4   Zero   RW         1237    .bss                os_core.o
    0x200017dc   0x00003224   Zero   RW         3832    .bss                guialloc.o
    0x20004a00   0x00000048   Zero   RW         3932    .bss                guicore.o
    0x20004a48   0x00000130   Zero   RW         4064    .bss                guitask.o
    0x20004b78   0x00000200   Zero   RW         4503    .bss                lcdcolor.o
    0x20004d78   0x00000024   Zero   RW         8445    .bss                wm.o
    0x20004d9c   0x00000004   PAD
    0x20004da0   0x00000f00   Zero   RW         1176    STACK               startup_stm32f10x_hd.o


==============================================================================

Image component sizes


      Code (inc. data)   RO Data    RW Data    ZI Data      Debug   Object Name

       208         18          0          4          0        971   delay.o
       174          0          0          0          0       2918   diskio.o
         0          0       7844          0          0       7122   f32b_ascii.o
         0          0       1844          0          0       2098   f6x8.o
         0          0          0          0       3244        619   fat_api.o
      9608        136        172         11          0      30066   ff.o
         0          0          0          0          0       1088   filebrowser.o
        66          0          0          0          0        845   gui__intersectrect.o
       136          0          0          0          0       1074   gui__intersectrects.o
        84          0          0          0          0        746   gui__memset.o
        42          0          0          0          0        562   gui_alloc_alloczero.o
       332          4          0          0          0        941   gui_dispstring.o
        92          0          0          0          0       1000   gui_getcolor.o
       112          6          0          0          0       1173   gui_goto.o
       130          0          0          0          0        988   gui_mergerect.o
        36          0          0          0          0        819   gui_moverect.o
       152         12          0         20          0      16791   gui_onkey.o
        84          4          0          0          0       1068   gui_pen.o
        58          0          0          0          0        937   gui_rectsintersect.o
        36          4          0          0          0        975   gui_savecontext.o
        40          0          0          0          0        654   gui_setcolor.o
        76          6          0          0          0        599   gui_setdefault.o
        24          0          0          0          0        538   gui_setdrawmode.o
        32          6          0          0          0        534   gui_setfont.o
        28          6          0          0          0        555   gui_setlinestyle.o
        32          4          0          0          0        539   gui_settextalign.o
        32          4          0          0          0        530   gui_settextmode.o
       232          6          0          0          0       2016   gui_uc.o
        56          8         16          0          0       1632   gui_uc_encodenone.o
       284         26          0         17          0       2939   gui_x_ucos.o
       972         16          0          1      12836       5536   guialloc.o
       232          8          0          0          0       1224   guichar.o
       440         12          0          0          0       2071   guicharline.o
       472          6          0          0          0       2069   guicharm.o
       384          4          0          0          0       1985   guicharp.o
       268         16          0         28         72       4972   guicore.o
       328         20          0         12        304       1943   guitask.o
      2424         82       2660          4         14      11213   ili93xx.o
      1580        188          0          0         40       4264   initialize.o
      1092         12          0          0          0       4416   lcd.o
        16          4          0          0          0        588   lcd_getcolorindex.o
      2488         46          0          0          0      21118   lcd_gui.o
        56          0          0          0          0       1099   lcd_l0_generic.o
        28          6          0          0          0        820   lcd_setcliprectex.o
        84          4          0          0        512       1678   lcdcolor.o
        32          0          0          0          0        765   lcdpm565.o
        56          0          0          0          0        603   lcdpm565_index2color.o
       112         12          0          0          0        419   led.o
       268         60          0          0        256     304968   main.o
       220         20          0          0          0       1853   misc.o
      2220        220        256         72       2244      14743   os_core.o
       164         32          0          0          0        296   os_cpu_a.o
       174          0          0          0          0      10302   os_cpu_c.o
         0          0          0          0          0       7456   os_dbg.o
      2072         40          0          0          0       6732   os_flag.o
       972         18          0          0          0       4066   os_mbox.o
      1512         32          0          0          0       5469   os_q.o
       904         16          0          0          0       3814   os_sem.o
      1996         70          0          0          0       7373   os_task.o
       440         30          0          0          0       1750   os_time.o
      1492         14          0          8          0       7214   sd.o
        36          8        304          0       3840        868   startup_stm32f10x_hd.o
      1102         26          0          0          0      10889   stm32f10x_adc.o
       196          8          0          0          0       3516   stm32f10x_bkp.o
       284         10          0          0          0       2291   stm32f10x_exti.o
      1468         34          0          0          0       8082   stm32f10x_flash.o
      1560         54          0          0          0       5395   stm32f10x_fsmc.o
       856         40          0          0          0       5697   stm32f10x_gpio.o
       148         14          0          0          0       1692   stm32f10x_it.o
       204         16          0          0          0       1931   stm32f10x_pwr.o
       932         44          0         20          0       8864   stm32f10x_rcc.o
       324          4          0          0          0       2682   stm32f10x_rtc.o
       780         14          0          0          0       6582   stm32f10x_spi.o
      3610         88          0          0          0      22188   stm32f10x_tim.o
      1064         26          0          0          0       8587   stm32f10x_usart.o
       476         36          0         20          0       1963   system_stm32f10x.o
       668         16       2830          0         14       3299   vs1003.o
      4172        170          0         49         36      18586   wm.o
        30          0          0          0          0        554   wm__getfirstsibling.o
        54          0          0          0          0        869   wm__getprevsibling.o
        36          0          0          0          0        894   wm__sendmessage.o
        80          0          0          0          0        927   wm_bringtobottom.o
        80          4          0          0          0        873   wm_criticalhandle.o
        12          4          0          0          0        458   wm_getdesktopwindow.o
        28          0          0          0          0        503   wm_getparent.o
        22          0          0          0          0        550   wm_notifyparent.o
        64          6          0          0          0        627   wm_onkey.o
        40          0          0          0          0        594   wm_sendtoparent.o
         0          0          0         16          0       2059   wmtouch.o

    ----------------------------------------------------------------------
     54024       1860      15960        292      23416     648176   Object Totals
         0          0         32          0          0          0   (incl. Generated)
        14          0          2         10          4          0   (incl. Padding)

    ----------------------------------------------------------------------

      Code (inc. data)   RO Data    RW Data    ZI Data      Debug   Library Member Name

         0          0          0          0          0          0   entry.o
         0          0          0          0          0          0   entry10a.o
         0          0          0          0          0          0   entry11a.o
         8          4          0          0          0          0   entry2.o
         4          0          0          0          0          0   entry5.o
         0          0          0          0          0          0   entry7b.o
         0          0          0          0          0          0   entry8b.o
         8          4          0          0          0          0   entry9a.o
        30          0          0          0          0          0   handlers.o
        36          8          0          0          0         68   init.o
        64          0          0          0          0         76   memmovea.o
       372         16          0          0          0        180   printf1.o
         0          0          0          4          0          0   stdout.o
        44          0          0          0          0         80   uidiv.o

    ----------------------------------------------------------------------
       568         32          0          4          0        404   Library Totals
         2          0          0          0          0          0   (incl. Padding)

    ----------------------------------------------------------------------

      Code (inc. data)   RO Data    RW Data    ZI Data      Debug   Library Name

       566         32          0          4          0        404   mc_w.l

    ----------------------------------------------------------------------
       568         32          0          4          0        404   Library Totals

    ----------------------------------------------------------------------

==============================================================================


      Code (inc. data)   RO Data    RW Data    ZI Data      Debug   

     54592       1892      15960        296      23416     641248   Grand Totals
     54592       1892      15960        296      23416     641248   ELF Image Totals
     54592       1892      15960        296          0          0   ROM Totals

==============================================================================

    Total RO  Size (Code + RO Data)                70552 (  68.90kB)
    Total RW  Size (RW Data + ZI Data)             23712 (  23.16kB)
    Total ROM Size (Code + RO Data + RW Data)      70848 (  69.19kB)

==============================================================================

