ARM Linker, 5.03 [Build 24] [MDK-ARM Standard]

==============================================================================

Section Cross References

    wm.o(.text) refers to guialloc.o(.text) for GUI_ALLOC_h2p
    wm.o(.text) refers to gui__intersectrects.o(.text) for GUI__IntersectRects
    wm.o(.text) refers to gui_mergerect.o(.text) for GUI_MergeRect
    wm.o(.text) refers to gui_moverect.o(.text) for GUI_MoveRect
    wm.o(.text) refers to lcd_setcliprectex.o(.text) for LCD_SetClipRectEx
    wm.o(.text) refers to gui__intersectrect.o(.text) for GUI__IntersectRect
    wm.o(.text) refers to lcd.o(.text) for LCD_SetClipRectMax
    wm.o(.text) refers to wm.o(.data) for WM__pFirstCriticalHandle
    wm.o(.text) refers to guicore.o(.bss) for GUI_Context
    wm.o(.text) refers to wm.o(.bss) for _ClipContext
    wm.o(.text) refers to wm_notifyparent.o(.text) for WM_NotifyParent
    wm.o(.text) refers to gui_rectsintersect.o(.text) for GUI_RectsIntersect
    wm.o(.text) refers to gui_alloc_alloczero.o(.text) for GUI_ALLOC_AllocZero
    wm.o(.text) refers to wm_bringtobottom.o(.text) for WM_BringToBottom
    wm.o(.text) refers to gui_setdefault.o(.text) for GL_SetDefault
    wm.o(.text) refers to guicore.o(.data) for GUI_CURSOR_pfTempUnhide
    wm.o(.text) refers to guidev_banding.o(.text) for GUI_MEMDEV_Draw
    wm.o(.text) refers to gui_savecontext.o(.text) for GUI_SaveContext_W_M
    wm.o(.text) refers to gui_onkey.o(.text) for GUI_PollKeyMsg
    wm.o(.text) refers to wm_sendtoparent.o(.text) for WM_SendToParent
    wm.o(.text) refers to gui_setcolor.o(.text) for GUI_SetBkColor
    wm.o(.text) refers to guicore.o(.text) for GUI_Clear
    wm.o(.text) refers to wm_criticalhandle.o(.text) for WM__AddCriticalHandle
    wm.o(.text) refers to wmtouch.o(.data) for WM__CHWinModal
    wm__foreachdesc.o(.text) refers to guialloc.o(.text) for GUI_ALLOC_h2p
    wm__foreachdesc.o(.text) refers to wm_foreachdesc.o(.text) for WM_ForEachDesc
    wm__getfirstsibling.o(.text) refers to wm_getparent.o(.text) for WM_GetParent
    wm__getfirstsibling.o(.text) refers to guialloc.o(.text) for GUI_ALLOC_h2p
    wm__getfocussedchild.o(.text) refers to wm__ischild.o(.text) for WM__IsChild
    wm__getfocussedchild.o(.text) refers to wm.o(.data) for WM__hWinFocus
    wm__getlastsibling.o(.text) refers to guialloc.o(.text) for GUI_ALLOC_h2p
    wm__getorg_aa.o(.text) refers to guicore.o(.bss) for GUI_Context
    wm__getprevsibling.o(.text) refers to wm__getfirstsibling.o(.text) for WM__GetFirstSibling
    wm__getprevsibling.o(.text) refers to guialloc.o(.text) for GUI_ALLOC_h2p
    wm__isancestor.o(.text) refers to guialloc.o(.text) for GUI_ALLOC_h2p
    wm__ischild.o(.text) refers to guialloc.o(.text) for GUI_ALLOC_h2p
    wm__isenabled.o(.text) refers to guialloc.o(.text) for GUI_ALLOC_h2p
    wm__notifyvischanged.o(.text) refers to wm_getfirstchild.o(.text) for WM_GetFirstChild
    wm__notifyvischanged.o(.text) refers to guialloc.o(.text) for GUI_ALLOC_h2p
    wm__notifyvischanged.o(.text) refers to gui_rectsintersect.o(.text) for GUI_RectsIntersect
    wm__notifyvischanged.o(.text) refers to wm.o(.text) for WM__SendMsgNoData
    wm__screen2client.o(.text) refers to gui_moverect.o(.text) for GUI_MoveRect
    wm__sendmessage.o(.text) refers to guialloc.o(.text) for GUI_ALLOC_h2p
    wm__sendmessage.o(.text) refers to wm.o(.text) for WM_DefaultProc
    wm__sendmessageifenabled.o(.text) refers to wm__isenabled.o(.text) for WM__IsEnabled
    wm__sendmessageifenabled.o(.text) refers to wm__sendmessage.o(.text) for WM__SendMessage
    wm__sendmessagenopara.o(.text) refers to guialloc.o(.text) for GUI_ALLOC_h2p
    wm__updatechildpositions.o(.text) refers to guialloc.o(.text) for GUI_ALLOC_h2p
    wm__updatechildpositions.o(.text) refers to wm_move.o(.text) for WM_MoveWindow
    wm__updatechildpositions.o(.text) refers to wm_resizewindow.o(.text) for WM_ResizeWindow
    wm_attachwindow.o(.text) refers to guialloc.o(.text) for GUI_ALLOC_h2p
    wm_attachwindow.o(.text) refers to wm.o(.text) for WM__DetachWindow
    wm_attachwindow.o(.text) refers to wm_move.o(.text) for WM_MoveWindow
    wm_bringtobottom.o(.text) refers to guialloc.o(.text) for GUI_ALLOC_h2p
    wm_bringtobottom.o(.text) refers to wm__getprevsibling.o(.text) for WM__GetPrevSibling
    wm_bringtobottom.o(.text) refers to wm_getparent.o(.text) for WM_GetParent
    wm_bringtobottom.o(.text) refers to wm.o(.text) for WM_InvalidateArea
    wm_bringtotop.o(.text) refers to wm.o(.text) for WM_InvalidateWindow
    wm_bringtotop.o(.text) refers to wm_foreachdesc.o(.text) for WM_ForEachDesc
    wm_bringtotop.o(.text) refers to guialloc.o(.text) for GUI_ALLOC_h2p
    wm_broadcast.o(.text) refers to wm.o(.text) for WM_SendMessage
    wm_broadcast.o(.text) refers to guialloc.o(.text) for GUI_ALLOC_h2p
    wm_broadcast.o(.text) refers to wm.o(.data) for WM__FirstWin
    wm_criticalhandle.o(.text) refers to wm.o(.data) for WM__pFirstCriticalHandle
[...]
    GUI_GetPenShape                          0x0800e81b   Thumb Code     6  gui_pen.o(.text)
    GUI_SetPenSize                           0x0800e821   Thumb Code    10  gui_pen.o(.text)
    GUI_SetPenShape                          0x0800e82b   Thumb Code    10  gui_pen.o(.text)
    GUI_RectsIntersect                       0x0800e839   Thumb Code    58  gui_rectsintersect.o(.text)
    GUI_SaveContext_W_M                      0x0800e875   Thumb Code    16  gui_savecontext.o(.text)
    GUI_RestoreContext                       0x0800e885   Thumb Code    16  gui_savecontext.o(.text)
    GUI_SelectLCD                            0x0800e899   Thumb Code    16  gui_selectlcd.o(.text)
    GUI_SetBkColor                           0x0800e8a9   Thumb Code    12  gui_setcolor.o(.text)
    GUI_SetColor                             0x0800e8b5   Thumb Code    12  gui_setcolor.o(.text)
    GL_SetDefault                            0x0800e8c1   Thumb Code    54  gui_setdefault.o(.text)
    GUI_SetDefault                           0x0800e8f7   Thumb Code     8  gui_setdefault.o(.text)
    GUI_SetDrawMode                          0x0800e905   Thumb Code    16  gui_setdrawmode.o(.text)
    GUI_SetFont                              0x0800e915   Thumb Code    12  gui_setfont.o(.text)
    GUI_SetLineStyle                         0x0800e925   Thumb Code    10  gui_setlinestyle.o(.text)
    GUI_SetTextAlign                         0x0800e935   Thumb Code    16  gui_settextalign.o(.text)
    GUI_SetTextMode                          0x0800e949   Thumb Code    16  gui_settextmode.o(.text)
    GUI_UC_GetCharSize                       0x0800e95d   Thumb Code    20  gui_uc.o(.text)
    GUI_UC_GetCharCode                       0x0800e971   Thumb Code    20  gui_uc.o(.text)
    GUI_UC_Encode                            0x0800e985   Thumb Code    24  gui_uc.o(.text)
    GUI_UC__CalcSizeOfChar                   0x0800e99d   Thumb Code    16  gui_uc.o(.text)
    GUI_UC__GetCharCodeInc                   0x0800e9ad   Thumb Code    36  gui_uc.o(.text)
    GUI_UC__NumChars2NumBytes                0x0800e9d1   Thumb Code    42  gui_uc.o(.text)
    GUI_UC__NumBytes2NumChars                0x0800e9fb   Thumb Code    44  gui_uc.o(.text)
    GUI_UC_SetEncodeNone                     0x0800ea4b   Thumb Code     8  gui_uc_encodenone.o(.text)
    GUI_WaitKey                              0x0800ea5d   Thumb Code    32  gui_waitkey.o(.text)
    GUI_sin                                  0x0800ea95   Thumb Code    88  gui2dlib.o(.text)
    GUI_cos                                  0x0800eaed   Thumb Code    14  gui2dlib.o(.text)
    GL_DrawPoint                             0x0800eca7   Thumb Code    50  gui2dlib.o(.text)
    GL_DrawLine1                             0x0800ecfb   Thumb Code   350  gui2dlib.o(.text)
    GL_DrawLine                              0x0800ee59   Thumb Code   310  gui2dlib.o(.text)
    GUI_DrawLine                             0x0800ef8f   Thumb Code    70  gui2dlib.o(.text)
    GL_DrawLineTo                            0x0800efd5   Thumb Code    36  gui2dlib.o(.text)
    GL_MoveTo                                0x0800eff9   Thumb Code    12  gui2dlib.o(.text)
    GL_DrawPolygon                           0x0800f005   Thumb Code   104  gui2dlib.o(.text)
    GUI_DrawPolygon                          0x0800f06d   Thumb Code    58  gui2dlib.o(.text)
    GUI_MoveRel                              0x0800f0cd   Thumb Code    24  gui2dlib.o(.text)
    GUI_DrawLineRel                          0x0800f0e5   Thumb Code    42  gui2dlib.o(.text)
    GUI_DrawLineTo                           0x0800f129   Thumb Code    54  gui2dlib.o(.text)
    GUI_MoveTo                               0x0800f15f   Thumb Code    28  gui2dlib.o(.text)
    GUI_DrawRect                             0x0800f1b3   Thumb Code   110  gui2dlib.o(.text)
    GUI_DrawPoint                            0x0800f221   Thumb Code    46  gui2dlib.o(.text)
    GUI_ALLOC_Init                           0x0800f40d   Thumb Code    44  guialloc.o(.text)
    GUI_ALLOC_AllocNoInit                    0x0800f527   Thumb Code    22  guialloc.o(.text)
    GUI_ALLOC_h2p                            0x0800f53d   Thumb Code    20  guialloc.o(.text)
    GUI_ALLOC_GetNumFreeBytes                0x0800f551   Thumb Code    14  guialloc.o(.text)
    GUI_ALLOC_GetMaxSize                     0x0800f55f   Thumb Code    96  guialloc.o(.text)
    GUI_ALLOC_GetSize                        0x0800f5bf   Thumb Code    18  guialloc.o(.text)
    GUI_ALLOC_Free                           0x0800f5d1   Thumb Code    18  guialloc.o(.text)
    GUI_ALLOC_FreePtr                        0x0800f5e3   Thumb Code    18  guialloc.o(.text)
    GUI_GetFontDistY                         0x0800f605   Thumb Code    18  guichar.o(.text)
    GUI_DispNextLine                         0x0800f617   Thumb Code    26  guichar.o(.text)
    GL_DispChar                              0x0800f631   Thumb Code    44  guichar.o(.text)
    GUI_GetYAdjust                           0x0800f65d   Thumb Code    68  guichar.o(.text)
    GUI_GetCharDistX                         0x0800f6a1   Thumb Code    20  guichar.o(.text)
    GUI__GetLineNumChars                     0x0800f71d   Thumb Code    64  guicharline.o(.text)
    GUI__GetLineDistX                        0x0800f75d   Thumb Code    64  guicharline.o(.text)
    GUI__DispLine                            0x0800f79d   Thumb Code   204  guicharline.o(.text)
    GUIMONO_DispChar                         0x0800f875   Thumb Code   388  guicharm.o(.text)
    GUIMONO_GetCharDistX                     0x0800f9f9   Thumb Code    22  guicharm.o(.text)
    GUIMONO_GetFontInfo                      0x0800fa0f   Thumb Code     8  guicharm.o(.text)
    GUIMONO_IsInFont                         0x0800fa17   Thumb Code    48  guicharm.o(.text)
    GUIPROP_DispChar                         0x0800fa67   Thumb Code   276  guicharp.o(.text)
    GUIPROP_GetCharDistX                     0x0800fb7b   Thumb Code    44  guicharp.o(.text)
    GUIPROP_GetFontInfo                      0x0800fba7   Thumb Code     8  guicharp.o(.text)
    GUIPROP_IsInFont                         0x0800fbaf   Thumb Code    26  guicharp.o(.text)
    GL_DrawCircle                            0x0800fc3f   Thumb Code   104  guicirc.o(.text)
    GUI_DrawCircle                           0x0800fca7   Thumb Code    82  guicirc.o(.text)
    GL_FillCircle                            0x0800fcf9   Thumb Code   198  guicirc.o(.text)
    GUI_FillCircle                           0x0800fdbf   Thumb Code    50  guicirc.o(.text)
    GL_FillEllipse                           0x0800fdf1   Thumb Code   166  guicirc.o(.text)
    GUI_FillEllipse                          0x0800fe97   Thumb Code    90  guicirc.o(.text)
    GL_DrawEllipse                           0x0800fef1   Thumb Code   224  guicirc.o(.text)
    GUI_DrawEllipse                          0x0800ffd1   Thumb Code    90  guicirc.o(.text)
    GUI_ClearRect                            0x0801007d   Thumb Code   116  guicore.o(.text)
    GUI_Clear                                0x080100f1   Thumb Code    26  guicore.o(.text)
    GUI_Init                                 0x0801010b   Thumb Code    34  guicore.o(.text)
    LCD_SetColorIndex                        0x08010159   Thumb Code    18  lcd.o(.text)
    LCD_SetBkColorIndex                      0x0801016b   Thumb Code    18  lcd.o(.text)
    LCD_SetDrawMode                          0x0801017d   Thumb Code    40  lcd.o(.text)
    LCD_DrawPixel                            0x080101a5   Thumb Code    96  lcd.o(.text)
    LCD_DrawHLine                            0x08010205   Thumb Code    88  lcd.o(.text)
    LCD_FillRect                             0x0801025d   Thumb Code   112  lcd.o(.text)
    LCD_DrawBitmap                           0x080102cd   Thumb Code   562  lcd.o(.text)
    LCD_SetClipRectMax                       0x080104ff   Thumb Code    16  lcd.o(.text)
    LCD_Init                                 0x0801050f   Thumb Code    62  lcd.o(.text)
    LCD_Color2Index                          0x0801054d   Thumb Code    16  lcd.o(.text)
    LCD_Index2Color                          0x0801055d   Thumb Code    16  lcd.o(.text)
    LCD_SetBkColor                           0x0801056d   Thumb Code    30  lcd.o(.text)
    LCD_SetColor                             0x0801058b   Thumb Code    30  lcd.o(.text)
    LCD_DrawVLine                            0x080105ad   Thumb Code    88  lcd_drawvline.o(.text)
    LCD_GetBkColorIndex                      0x08010609   Thumb Code     6  lcd_getcolorindex.o(.text)
    LCD_GetColorIndex                        0x0801060f   Thumb Code     6  lcd_getcolorindex.o(.text)
    LCD_L0_Color2Index                       0x08010619   Thumb Code    16  lcd_l0_generic.o(.text)
    LCD_L0_Index2Color                       0x08010629   Thumb Code    12  lcd_l0_generic.o(.text)
    LCD_L0_GetIndexMask                      0x08010635   Thumb Code     8  lcd_l0_generic.o(.text)
    LCD_L0_GetRect                           0x0801063d   Thumb Code    20  lcd_l0_generic.o(.text)
    LCD_SelectLCD                            0x08010651   Thumb Code    26  lcd_selectlcd.o(.text)
    LCD_SetClipRectEx                        0x08010675   Thumb Code    28  lcd_setcliprectex.o(.text)
    LCD_UpdateColorIndices                   0x08010695   Thumb Code    32  lcd_updatecolorindices.o(.text)
    LCD_GetpPalConvTableUncached             0x080106b9   Thumb Code    66  lcdcolor.o(.text)
    LCD_GetpPalConvTable                     0x080106fb   Thumb Code    12  lcdcolor.o(.text)
    LCD_InitLUT                              0x08010707   Thumb Code     2  lcdcolor.o(.text)
    LCD_GetXSize                             0x0801070d   Thumb Code     6  lcdinfo0.o(.text)
    LCD_GetYSize                             0x08010713   Thumb Code     6  lcdinfo0.o(.text)
    LCD_GetVXSize                            0x08010719   Thumb Code     6  lcdinfo0.o(.text)
    LCD_GetVYSize                            0x0801071f   Thumb Code     6  lcdinfo0.o(.text)
    LCD_GetBitsPerPixel                      0x08010725   Thumb Code     4  lcdinfo0.o(.text)
    LCD_GetNumColors                         0x08010729   Thumb Code     6  lcdinfo0.o(.text)
    LCD_GetYMag                              0x0801072f   Thumb Code     4  lcdinfo0.o(.text)
    LCD_GetXMag                              0x08010733   Thumb Code     4  lcdinfo0.o(.text)
    LCD_GetFixedPalette                      0x08010737   Thumb Code     6  lcdinfo0.o(.text)
    LCD_Index2Color_565                      0x0801073d   Thumb Code    56  lcdp565_index2color.o(.text)
    GUI_MEMDEV__GetRect                      0x08010775   Thumb Code    50  guidev.o(.text)
    GUI_MEMDEV__Color2Index                  0x080107a7   Thumb Code    24  guidev.o(.text)
    GUI_MEMDEV__Index2Color                  0x080107bf   Thumb Code    24  guidev.o(.text)
    GUI_MEMDEV__GetIndexMask                 0x080107d7   Thumb Code    20  guidev.o(.text)
    GUI_MEMDEV_Delete                        0x080107eb   Thumb Code    50  guidev.o(.text)
    GUI_MEMDEV__CreateFixed                  0x0801081d   Thumb Code   246  guidev.o(.text)
    GUI_MEMDEV_CreateEx                      0x08010913   Thumb Code    98  guidev.o(.text)
    GUI_MEMDEV_Create                        0x08010975   Thumb Code    28  guidev.o(.text)
    GUI_MEMDEV_Select                        0x08010991   Thumb Code    74  guidev.o(.text)
    GUI_MEMDEV__WriteToActiveAt              0x080109db   Thumb Code   278  guidev.o(.text)
    GUI_MEMDEV_CopyToLCDAt                   0x08010af1   Thumb Code   136  guidev.o(.text)
    GUI_MEMDEV_CopyToLCD                     0x08010b79   Thumb Code    16  guidev.o(.text)
    GUI_MEMDEV_Draw                          0x08011441   Thumb Code   264  guidev_banding.o(.text)
    GUI_MEMDEV_Clear                         0x08011549   Thumb Code    58  guidev_clear.o(.text)
    GUI_MEMDEV_GetYSize                      0x08011589   Thumb Code    32  guidev_getysize.o(.text)
    GUI_MEMDEV_ReduceYSize                   0x080115ad   Thumb Code    42  guidev_reduceysize.o(.text)
    GUI_MEMDEV_SetOrg                        0x080115dd   Thumb Code    96  guidev_setorg.o(.text)
    GUI_USAGE_Select                         0x08011641   Thumb Code    20  guidev_usage.o(.text)
    GUI_USAGE_DecUseCnt                      0x08011655   Thumb Code    30  guidev_usage.o(.text)
    GUI_USAGE_AddRect                        0x08011673   Thumb Code    50  guidev_usage.o(.text)
    GUI_USAGE_BM_Create                      0x08011867   Thumb Code   100  guidev_usagebm.o(.text)
    ___aeabi_memcpy8$move                    0x080118d1   Thumb Code     0  memmovea.o(.text)
    __aeabi_memcpy                           0x080118d1   Thumb Code    64  memmovea.o(.text)
    __aeabi_memcpy4                          0x080118d1   Thumb Code     0  memmovea.o(.text)
    __aeabi_memmove                          0x080118d1   Thumb Code     0  memmovea.o(.text)
    __aeabi_memmove4                         0x080118d1   Thumb Code     0  memmovea.o(.text)
    __aeabi_memmove8                         0x080118d1   Thumb Code     0  memmovea.o(.text)
    __aeabi_memset                           0x08011911   Thumb Code    14  memseta.o(.text)
    __aeabi_memset4                          0x08011911   Thumb Code     0  memseta.o(.text)
    __aeabi_memset8                          0x08011911   Thumb Code     0  memseta.o(.text)
    __aeabi_memclr                           0x0801191f   Thumb Code     4  memseta.o(.text)
    __aeabi_memclr4                          0x0801191f   Thumb Code     0  memseta.o(.text)
    __aeabi_memclr8                          0x0801191f   Thumb Code     0  memseta.o(.text)
    _memset$wrapper                          0x08011923   Thumb Code    18  memseta.o(.text)
    strcpy                                   0x08011935   Thumb Code    18  strcpy.o(.text)
    __aeabi_uldivmod                         0x08011947   Thumb Code    98  uldiv.o(.text)
    __aeabi_llsl                             0x080119a9   Thumb Code    30  llshl.o(.text)
    _ll_shift_l                              0x080119a9   Thumb Code     0  llshl.o(.text)
    __aeabi_llsr                             0x080119c7   Thumb Code    32  llushr.o(.text)
    _ll_ushift_r                             0x080119c7   Thumb Code     0  llushr.o(.text)
    __scatterload                            0x080119e9   Thumb Code    28  init.o(.text)
    __scatterload_rt2                        0x080119e9   Thumb Code     0  init.o(.text)
    __decompress                             0x08011a0d   Thumb Code     0  __dczerorl2.o(.text)
    __decompress1                            0x08011a0d   Thumb Code    92  __dczerorl2.o(.text)
    __0printf$5                              0x08011a69   Thumb Code    22  printf5.o(i.__0printf$5)
    __1printf$5                              0x08011a69   Thumb Code     0  printf5.o(i.__0printf$5)
    __2printf                                0x08011a69   Thumb Code     0  printf5.o(i.__0printf$5)
    __scatterload_copy                       0x08011a89   Thumb Code    14  handlers.o(i.__scatterload_copy)
    __scatterload_null                       0x08011a97   Thumb Code     2  handlers.o(i.__scatterload_null)
    __scatterload_zeroinit                   0x08011a99   Thumb Code    14  handlers.o(i.__scatterload_zeroinit)
    WIDGET_Effect_3D                         0x08011d68   Data          24  widget_effect_3d.o(.constdata)
    atab                                     0x08011d80   Data         943  vs1003.o(.constdata)
    dtab                                     0x08012130   Data        1886  vs1003.o(.constdata)
    GTP_CFG_DATA                             0x0801288e   Data         106  gt811.o(.constdata)
    asc2_1206                                0x080128f8   Data        1140  blcd.o(.constdata)
    asc2_1608                                0x08012d6c   Data        1520  blcd.o(.constdata)
    OSUnMapTbl                               0x08013408   Data         256  os_core.o(.constdata)
    GUI__API_TableNone                       0x08013508   Data          16  gui_uc_encodenone.o(.constdata)
    aTan                                     0x0801353a   Data          34  gui2dlib.o(.constdata)
    LCD_L0_APIList                           0x08013564   Data          64  lcd_api.o(.constdata)
    LCD_aMirror                              0x080135a4   Data         256  lcd_mirror.o(.constdata)
    GUI_acFont6x8                            0x080136a4   Data        1304  f6x8.o(.constdata)
    GUI_F6x8_TL8859_1                        0x08013bbc   Data         448  f6x8.o(.constdata)
    GUI_F6x8_TI8859_1                        0x08013d7c   Data           8  f6x8.o(.constdata)
    GUI_F6x8_Mono                            0x08013d84   Data          20  f6x8.o(.constdata)
    GUI_Font6x8                              0x08013d98   Data          32  f6x8.o(.constdata)
    GUI_Font6x9                              0x08013db8   Data          32  f6x8.o(.constdata)
    acFont13_1_00A0                          0x08013dd8   Data          13  f13_1.o(.constdata)
    acFont13_1_00A1                          0x08013de5   Data          13  f13_1.o(.constdata)
    acFont13_1_00A2                          0x08013df2   Data          13  f13_1.o(.constdata)
    acFont13_1_00A3                          0x08013dff   Data          13  f13_1.o(.constdata)
    acFont13_1_00A4                          0x08013e0c   Data          13  f13_1.o(.constdata)
    acFont13_1_00A5                          0x08013e19   Data          13  f13_1.o(.constdata)
    acFont13_1_00A6                          0x08013e26   Data          13  f13_1.o(.constdata)
    acFont13_1_00A7                          0x08013e33   Data          13  f13_1.o(.constdata)
    acFont13_1_00A8                          0x08013e40   Data          13  f13_1.o(.constdata)
    acFont13_1_00A9                          0x08013e4d   Data          26  f13_1.o(.constdata)
    acFont13_1_00AA                          0x08013e67   Data          13  f13_1.o(.constdata)
    acFont13_1_00AB                          0x08013e74   Data          13  f13_1.o(.constdata)
    acFont13_1_00AC                          0x08013e81   Data          13  f13_1.o(.constdata)
    acFont13_1_00AD                          0x08013e8e   Data          13  f13_1.o(.constdata)
    acFont13_1_00AE                          0x08013e9b   Data          26  f13_1.o(.constdata)
    acFont13_1_00AF                          0x08013eb5   Data          13  f13_1.o(.constdata)
    acFont13_1_00B0                          0x08013ec2   Data          13  f13_1.o(.constdata)
    acFont13_1_00B1                          0x08013ecf   Data          13  f13_1.o(.constdata)
    acFont13_1_00B2                          0x08013edc   Data          13  f13_1.o(.constdata)
    acFont13_1_00B3                          0x08013ee9   Data          13  f13_1.o(.constdata)
    acFont13_1_00B4                          0x08013ef6   Data          13  f13_1.o(.constdata)
    acFont13_1_00B5                          0x08013f03   Data          13  f13_1.o(.constdata)
    acFont13_1_00B6                          0x08013f10   Data          13  f13_1.o(.constdata)
    acFont13_1_00B7                          0x08013f1d   Data          13  f13_1.o(.constdata)
    acFont13_1_00B8                          0x08013f2a   Data          13  f13_1.o(.constdata)
    acFont13_1_00B9                          0x08013f37   Data          13  f13_1.o(.constdata)
    acFont13_1_00BA                          0x08013f44   Data          13  f13_1.o(.constdata)
    acFont13_1_00BB                          0x08013f51   Data          13  f13_1.o(.constdata)
    acFont13_1_00BC                          0x08013f5e   Data          26  f13_1.o(.constdata)
    acFont13_1_00BD                          0x08013f78   Data          26  f13_1.o(.constdata)
    acFont13_1_00BE                          0x08013f92   Data          26  f13_1.o(.constdata)
    acFont13_1_00BF                          0x08013fac   Data          13  f13_1.o(.constdata)
    acFont13_1_00C0                          0x08013fb9   Data          13  f13_1.o(.constdata)
    acFont13_1_00C1                          0x08013fc6   Data          13  f13_1.o(.constdata)
    acFont13_1_00C2                          0x08013fd3   Data          13  f13_1.o(.constdata)
    acFont13_1_00C3                          0x08013fe0   Data          13  f13_1.o(.constdata)
    acFont13_1_00C4                          0x08013fed   Data          13  f13_1.o(.constdata)
    acFont13_1_00C5                          0x08013ffa   Data          13  f13_1.o(.constdata)
    acFont13_1_00C6                          0x08014007   Data          26  f13_1.o(.constdata)
    acFont13_1_00C7                          0x08014021   Data          13  f13_1.o(.constdata)
    acFont13_1_00C8                          0x0801402e   Data          13  f13_1.o(.constdata)
    acFont13_1_00C9                          0x0801403b   Data          13  f13_1.o(.constdata)
    acFont13_1_00CA                          0x08014048   Data          13  f13_1.o(.constdata)
    acFont13_1_00CB                          0x08014055   Data          13  f13_1.o(.constdata)
    acFont13_1_00CC                          0x08014062   Data          13  f13_1.o(.constdata)
    acFont13_1_00CD                          0x0801406f   Data          13  f13_1.o(.constdata)
    acFont13_1_00CE                          0x0801407c   Data          13  f13_1.o(.constdata)
    acFont13_1_00CF                          0x08014089   Data          13  f13_1.o(.constdata)
    acFont13_1_00D0                          0x08014096   Data          13  f13_1.o(.constdata)
    acFont13_1_00D1                          0x080140a3   Data          13  f13_1.o(.constdata)
    acFont13_1_00D2                          0x080140b0   Data          13  f13_1.o(.constdata)
    acFont13_1_00D3                          0x080140bd   Data          13  f13_1.o(.constdata)
    acFont13_1_00D4                          0x080140ca   Data          13  f13_1.o(.constdata)
    acFont13_1_00D5                          0x080140d7   Data          13  f13_1.o(.constdata)
    acFont13_1_00D6                          0x080140e4   Data          13  f13_1.o(.constdata)
    acFont13_1_00D7                          0x080140f1   Data          13  f13_1.o(.constdata)
    acFont13_1_00D8                          0x080140fe   Data          13  f13_1.o(.constdata)
    acFont13_1_00D9                          0x0801410b   Data          13  f13_1.o(.constdata)
    acFont13_1_00DA                          0x08014118   Data          13  f13_1.o(.constdata)
    acFont13_1_00DB                          0x08014125   Data          13  f13_1.o(.constdata)
    acFont13_1_00DC                          0x08014132   Data          13  f13_1.o(.constdata)
    acFont13_1_00DD                          0x0801413f   Data          13  f13_1.o(.constdata)
    acFont13_1_00DE                          0x0801414c   Data          13  f13_1.o(.constdata)
    acFont13_1_00DF                          0x08014159   Data          13  f13_1.o(.constdata)
    acFont13_1_00E0                          0x08014166   Data          13  f13_1.o(.constdata)
    acFont13_1_00E1                          0x08014173   Data          13  f13_1.o(.constdata)
    acFont13_1_00E2                          0x08014180   Data          13  f13_1.o(.constdata)
    acFont13_1_00E3                          0x0801418d   Data          13  f13_1.o(.constdata)
    acFont13_1_00E4                          0x0801419a   Data          13  f13_1.o(.constdata)
    acFont13_1_00E5                          0x080141a7   Data          13  f13_1.o(.constdata)
    acFont13_1_00E6                          0x080141b4   Data          26  f13_1.o(.constdata)
    acFont13_1_00E7                          0x080141ce   Data          13  f13_1.o(.constdata)
    acFont13_1_00E8                          0x080141db   Data          13  f13_1.o(.constdata)
    acFont13_1_00E9                          0x080141e8   Data          13  f13_1.o(.constdata)
    acFont13_1_00EA                          0x080141f5   Data          13  f13_1.o(.constdata)
    acFont13_1_00EB                          0x08014202   Data          13  f13_1.o(.constdata)
    acFont13_1_00EC                          0x0801420f   Data          13  f13_1.o(.constdata)
    acFont13_1_00ED                          0x0801421c   Data          13  f13_1.o(.constdata)
    acFont13_1_00EE                          0x08014229   Data          13  f13_1.o(.constdata)
    acFont13_1_00EF                          0x08014236   Data          13  f13_1.o(.constdata)
    acFont13_1_00F0                          0x08014243   Data          13  f13_1.o(.constdata)
    acFont13_1_00F1                          0x08014250   Data          13  f13_1.o(.constdata)
    acFont13_1_00F2                          0x0801425d   Data          13  f13_1.o(.constdata)
    acFont13_1_00F3                          0x0801426a   Data          13  f13_1.o(.constdata)
    acFont13_1_00F4                          0x08014277   Data          13  f13_1.o(.constdata)
    acFont13_1_00F5                          0x08014284   Data          13  f13_1.o(.constdata)
    acFont13_1_00F6                          0x08014291   Data          13  f13_1.o(.constdata)
    acFont13_1_00F7                          0x0801429e   Data          13  f13_1.o(.constdata)
    acFont13_1_00F8                          0x080142ab   Data          13  f13_1.o(.constdata)
    acFont13_1_00F9                          0x080142b8   Data          13  f13_1.o(.constdata)
    acFont13_1_00FA                          0x080142c5   Data          13  f13_1.o(.constdata)
    acFont13_1_00FB                          0x080142d2   Data          13  f13_1.o(.constdata)
    acFont13_1_00FC                          0x080142df   Data          13  f13_1.o(.constdata)
    acFont13_1_00FD                          0x080142ec   Data          13  f13_1.o(.constdata)
    acFont13_1_00FE                          0x080142f9   Data          13  f13_1.o(.constdata)
    acFont13_1_00FF                          0x08014306   Data          13  f13_1.o(.constdata)
    GUI_Font13_1_CharInfo                    0x08014314   Data         768  f13_1.o(.constdata)
    GUI_Font13_1_Prop1                       0x08014614   Data          12  f13_1.o(.constdata)
    GUI_Font13_1                             0x08014620   Data          32  f13_1.o(.constdata)
    acFont13ASCII_0020                       0x08014640   Data          13  f13_ascii.o(.constdata)
    acFont13ASCII_0021                       0x0801464d   Data          13  f13_ascii.o(.constdata)
    acFont13ASCII_0022                       0x0801465a   Data          13  f13_ascii.o(.constdata)
    acFont13ASCII_0023                       0x08014667   Data          13  f13_ascii.o(.constdata)
    acFont13ASCII_0024                       0x08014674   Data          13  f13_ascii.o(.constdata)
    acFont13ASCII_0025                       0x08014681   Data          26  f13_ascii.o(.constdata)
    acFont13ASCII_0026                       0x0801469b   Data          13  f13_ascii.o(.constdata)
    acFont13ASCII_0027                       0x080146a8   Data          13  f13_ascii.o(.constdata)
    acFont13ASCII_0028                       0x080146b5   Data          13  f13_ascii.o(.constdata)
    acFont13ASCII_0029                       0x080146c2   Data          13  f13_ascii.o(.constdata)
    acFont13ASCII_002A                       0x080146cf   Data          13  f13_ascii.o(.constdata)
    acFont13ASCII_002B                       0x080146dc   Data          13  f13_ascii.o(.constdata)
    acFont13ASCII_002C                       0x080146e9   Data          13  f13_ascii.o(.constdata)
    acFont13ASCII_002D                       0x080146f6   Data          13  f13_ascii.o(.constdata)
    acFont13ASCII_002E                       0x08014703   Data          13  f13_ascii.o(.constdata)
    acFont13ASCII_002F                       0x08014710   Data          13  f13_ascii.o(.constdata)
    acFont13ASCII_0030                       0x0801471d   Data          13  f13_ascii.o(.constdata)
    acFont13ASCII_0031                       0x0801472a   Data          13  f13_ascii.o(.constdata)
    acFont13ASCII_0032                       0x08014737   Data          13  f13_ascii.o(.constdata)
    acFont13ASCII_0033                       0x08014744   Data          13  f13_ascii.o(.constdata)
    acFont13ASCII_0034                       0x08014751   Data          13  f13_ascii.o(.constdata)
    acFont13ASCII_0035                       0x0801475e   Data          13  f13_ascii.o(.constdata)
    acFont13ASCII_0036                       0x0801476b   Data          13  f13_ascii.o(.constdata)
    acFont13ASCII_0037                       0x08014778   Data          13  f13_ascii.o(.constdata)
    acFont13ASCII_0038                       0x08014785   Data          13  f13_ascii.o(.constdata)
    acFont13ASCII_0039                       0x08014792   Data          13  f13_ascii.o(.constdata)
    acFont13ASCII_003A                       0x0801479f   Data          13  f13_ascii.o(.constdata)
    acFont13ASCII_003B                       0x080147ac   Data          13  f13_ascii.o(.constdata)
    acFont13ASCII_003C                       0x080147b9   Data          13  f13_ascii.o(.constdata)
    acFont13ASCII_003D                       0x080147c6   Data          13  f13_ascii.o(.constdata)
    acFont13ASCII_003E                       0x080147d3   Data          13  f13_ascii.o(.constdata)
    acFont13ASCII_003F                       0x080147e0   Data          13  f13_ascii.o(.constdata)
    acFont13ASCII_0040                       0x080147ed   Data          26  f13_ascii.o(.constdata)
    acFont13ASCII_0041                       0x08014807   Data          13  f13_ascii.o(.constdata)
    acFont13ASCII_0042                       0x08014814   Data          13  f13_ascii.o(.constdata)
    acFont13ASCII_0043                       0x08014821   Data          13  f13_ascii.o(.constdata)
    acFont13ASCII_0044                       0x0801482e   Data          13  f13_ascii.o(.constdata)
    acFont13ASCII_0045                       0x0801483b   Data          13  f13_ascii.o(.constdata)
    acFont13ASCII_0046                       0x08014848   Data          13  f13_ascii.o(.constdata)
    acFont13ASCII_0047                       0x08014855   Data          13  f13_ascii.o(.constdata)
    acFont13ASCII_0048                       0x08014862   Data          13  f13_ascii.o(.constdata)
    acFont13ASCII_0049                       0x0801486f   Data          13  f13_ascii.o(.constdata)
    acFont13ASCII_004A                       0x0801487c   Data          13  f13_ascii.o(.constdata)
    acFont13ASCII_004B                       0x08014889   Data          13  f13_ascii.o(.constdata)
    acFont13ASCII_004C                       0x08014896   Data          13  f13_ascii.o(.constdata)
    acFont13ASCII_004D                       0x080148a3   Data          13  f13_ascii.o(.constdata)
    acFont13ASCII_004E                       0x080148b0   Data          13  f13_ascii.o(.constdata)
    acFont13ASCII_004F                       0x080148bd   Data          13  f13_ascii.o(.constdata)
    acFont13ASCII_0050                       0x080148ca   Data          13  f13_ascii.o(.constdata)
    acFont13ASCII_0051                       0x080148d7   Data          13  f13_ascii.o(.constdata)
    acFont13ASCII_0052                       0x080148e4   Data          13  f13_ascii.o(.constdata)
    acFont13ASCII_0053                       0x080148f1   Data          13  f13_ascii.o(.constdata)
    acFont13ASCII_0054                       0x080148fe   Data          13  f13_ascii.o(.constdata)
    acFont13ASCII_0055                       0x0801490b   Data          13  f13_ascii.o(.constdata)
    acFont13ASCII_0056                       0x08014918   Data          13  f13_ascii.o(.constdata)
    acFont13ASCII_0057                       0x08014925   Data          26  f13_ascii.o(.constdata)
    acFont13ASCII_0058                       0x0801493f   Data          13  f13_ascii.o(.constdata)
    acFont13ASCII_0059                       0x0801494c   Data          13  f13_ascii.o(.constdata)
    acFont13ASCII_005A                       0x08014959   Data          13  f13_ascii.o(.constdata)
    acFont13ASCII_005B                       0x08014966   Data          13  f13_ascii.o(.constdata)
    acFont13ASCII_005C                       0x08014973   Data          13  f13_ascii.o(.constdata)
    acFont13ASCII_005D                       0x08014980   Data          13  f13_ascii.o(.constdata)
    acFont13ASCII_005E                       0x0801498d   Data          13  f13_ascii.o(.constdata)
    acFont13ASCII_005F                       0x0801499a   Data          13  f13_ascii.o(.constdata)
    acFont13ASCII_0060                       0x080149a7   Data          13  f13_ascii.o(.constdata)
    acFont13ASCII_0061                       0x080149b4   Data          13  f13_ascii.o(.constdata)
    acFont13ASCII_0062                       0x080149c1   Data          13  f13_ascii.o(.constdata)
    acFont13ASCII_0063                       0x080149ce   Data          13  f13_ascii.o(.constdata)
    acFont13ASCII_0064                       0x080149db   Data          13  f13_ascii.o(.constdata)
    acFont13ASCII_0065                       0x080149e8   Data          13  f13_ascii.o(.constdata)
    acFont13ASCII_0066                       0x080149f5   Data          13  f13_ascii.o(.constdata)
    acFont13ASCII_0067                       0x08014a02   Data          13  f13_ascii.o(.constdata)
    acFont13ASCII_0068                       0x08014a0f   Data          13  f13_ascii.o(.constdata)
    acFont13ASCII_0069                       0x08014a1c   Data          13  f13_ascii.o(.constdata)
    acFont13ASCII_006A                       0x08014a29   Data          13  f13_ascii.o(.constdata)
    acFont13ASCII_006B                       0x08014a36   Data          13  f13_ascii.o(.constdata)
    acFont13ASCII_006C                       0x08014a43   Data          13  f13_ascii.o(.constdata)
    acFont13ASCII_006D                       0x08014a50   Data          13  f13_ascii.o(.constdata)
    acFont13ASCII_006E                       0x08014a5d   Data          13  f13_ascii.o(.constdata)
    acFont13ASCII_006F                       0x08014a6a   Data          13  f13_ascii.o(.constdata)
    acFont13ASCII_0070                       0x08014a77   Data          13  f13_ascii.o(.constdata)
    acFont13ASCII_0071                       0x08014a84   Data          13  f13_ascii.o(.constdata)
    acFont13ASCII_0072                       0x08014a91   Data          13  f13_ascii.o(.constdata)
    acFont13ASCII_0073                       0x08014a9e   Data          13  f13_ascii.o(.constdata)
    acFont13ASCII_0074                       0x08014aab   Data          13  f13_ascii.o(.constdata)
    acFont13ASCII_0075                       0x08014ab8   Data          13  f13_ascii.o(.constdata)
    acFont13ASCII_0076                       0x08014ac5   Data          13  f13_ascii.o(.constdata)
    acFont13ASCII_0077                       0x08014ad2   Data          13  f13_ascii.o(.constdata)
    acFont13ASCII_0078                       0x08014adf   Data          13  f13_ascii.o(.constdata)
    acFont13ASCII_0079                       0x08014aec   Data          13  f13_ascii.o(.constdata)
    acFont13ASCII_007A                       0x08014af9   Data          13  f13_ascii.o(.constdata)
    acFont13ASCII_007B                       0x08014b06   Data          13  f13_ascii.o(.constdata)
    acFont13ASCII_007C                       0x08014b13   Data          13  f13_ascii.o(.constdata)
    acFont13ASCII_007D                       0x08014b20   Data          13  f13_ascii.o(.constdata)
    acFont13ASCII_007E                       0x08014b2d   Data          13  f13_ascii.o(.constdata)
    GUI_Font13ASCII_CharInfo                 0x08014b3c   Data         760  f13_ascii.o(.constdata)
    GUI_Font13ASCII_Prop1                    0x08014e34   Data          12  f13_ascii.o(.constdata)
    GUI_Font13_ASCII                         0x08014e40   Data          32  f13_ascii.o(.constdata)
    acFont32B_ASCII_0020                     0x08014e60   Data          32  f32b_ascii.o(.constdata)
    acFont32B_ASCII_0021                     0x08014e80   Data          32  f32b_ascii.o(.constdata)
    acFont32B_ASCII_0022                     0x08014ea0   Data          64  f32b_ascii.o(.constdata)
    acFont32B_ASCII_0023                     0x08014ee0   Data          64  f32b_ascii.o(.constdata)
    acFont32B_ASCII_0024                     0x08014f20   Data          64  f32b_ascii.o(.constdata)
    acFont32B_ASCII_0025                     0x08014f60   Data          96  f32b_ascii.o(.constdata)
    acFont32B_ASCII_0026                     0x08014fc0   Data          96  f32b_ascii.o(.constdata)
    acFont32B_ASCII_0027                     0x08015020   Data          32  f32b_ascii.o(.constdata)
    acFont32B_ASCII_0028                     0x08015040   Data          64  f32b_ascii.o(.constdata)
    acFont32B_ASCII_0029                     0x08015080   Data          64  f32b_ascii.o(.constdata)
    acFont32B_ASCII_002A                     0x080150c0   Data          64  f32b_ascii.o(.constdata)
    acFont32B_ASCII_002B                     0x08015100   Data          64  f32b_ascii.o(.constdata)
    acFont32B_ASCII_002C                     0x08015140   Data          32  f32b_ascii.o(.constdata)
    acFont32B_ASCII_002D                     0x08015160   Data          64  f32b_ascii.o(.constdata)
    acFont32B_ASCII_002E                     0x080151a0   Data          32  f32b_ascii.o(.constdata)
    acFont32B_ASCII_002F                     0x080151c0   Data          32  f32b_ascii.o(.constdata)
    acFont32B_ASCII_0030                     0x080151e0   Data          64  f32b_ascii.o(.constdata)
    acFont32B_ASCII_0031                     0x08015220   Data          64  f32b_ascii.o(.constdata)
    acFont32B_ASCII_0032                     0x08015260   Data          64  f32b_ascii.o(.constdata)
    acFont32B_ASCII_0033                     0x080152a0   Data          64  f32b_ascii.o(.constdata)
    acFont32B_ASCII_0034                     0x080152e0   Data          64  f32b_ascii.o(.constdata)
    acFont32B_ASCII_0035                     0x08015320   Data          64  f32b_ascii.o(.constdata)
    acFont32B_ASCII_0036                     0x08015360   Data          64  f32b_ascii.o(.constdata)
    acFont32B_ASCII_0037                     0x080153a0   Data          64  f32b_ascii.o(.constdata)
    acFont32B_ASCII_0038                     0x080153e0   Data          64  f32b_ascii.o(.constdata)
    acFont32B_ASCII_0039                     0x08015420   Data          64  f32b_ascii.o(.constdata)
    acFont32B_ASCII_003A                     0x08015460   Data          64  f32b_ascii.o(.constdata)
    acFont32B_ASCII_003B                     0x080154a0   Data          64  f32b_ascii.o(.constdata)
    acFont32B_ASCII_003C                     0x080154e0   Data          64  f32b_ascii.o(.constdata)
    acFont32B_ASCII_003D                     0x08015520   Data          64  f32b_ascii.o(.constdata)
    acFont32B_ASCII_003E                     0x08015560   Data          64  f32b_ascii.o(.constdata)
    acFont32B_ASCII_003F                     0x080155a0   Data          96  f32b_ascii.o(.constdata)
    acFont32B_ASCII_0040                     0x08015600   Data         128  f32b_ascii.o(.constdata)
    acFont32B_ASCII_0041                     0x08015680   Data          96  f32b_ascii.o(.constdata)
    acFont32B_ASCII_0042                     0x080156e0   Data          96  f32b_ascii.o(.constdata)
    acFont32B_ASCII_0043                     0x08015740   Data          96  f32b_ascii.o(.constdata)
    acFont32B_ASCII_0044                     0x080157a0   Data          96  f32b_ascii.o(.constdata)
    acFont32B_ASCII_0045                     0x08015800   Data          96  f32b_ascii.o(.constdata)
    acFont32B_ASCII_0046                     0x08015860   Data          96  f32b_ascii.o(.constdata)
    acFont32B_ASCII_0047                     0x080158c0   Data          96  f32b_ascii.o(.constdata)
    acFont32B_ASCII_0048                     0x08015920   Data          96  f32b_ascii.o(.constdata)
    acFont32B_ASCII_0049                     0x08015980   Data          32  f32b_ascii.o(.constdata)
    acFont32B_ASCII_004A                     0x080159a0   Data          64  f32b_ascii.o(.constdata)
    acFont32B_ASCII_004B                     0x080159e0   Data          96  f32b_ascii.o(.constdata)
    acFont32B_ASCII_004C                     0x08015a40   Data          96  f32b_ascii.o(.constdata)
    acFont32B_ASCII_004D                     0x08015aa0   Data          96  f32b_ascii.o(.constdata)
    acFont32B_ASCII_004E                     0x08015b00   Data          96  f32b_ascii.o(.constdata)
    acFont32B_ASCII_004F                     0x08015b60   Data          96  f32b_ascii.o(.constdata)
    acFont32B_ASCII_0050                     0x08015bc0   Data          96  f32b_ascii.o(.constdata)
    acFont32B_ASCII_0051                     0x08015c20   Data          96  f32b_ascii.o(.constdata)
    acFont32B_ASCII_0052                     0x08015c80   Data          96  f32b_ascii.o(.constdata)
    acFont32B_ASCII_0053                     0x08015ce0   Data          96  f32b_ascii.o(.constdata)
    acFont32B_ASCII_0054                     0x08015d40   Data          96  f32b_ascii.o(.constdata)
    acFont32B_ASCII_0055                     0x08015da0   Data          96  f32b_ascii.o(.constdata)
    acFont32B_ASCII_0056                     0x08015e00   Data          96  f32b_ascii.o(.constdata)
    acFont32B_ASCII_0057                     0x08015e60   Data         128  f32b_ascii.o(.constdata)
    acFont32B_ASCII_0058                     0x08015ee0   Data          96  f32b_ascii.o(.constdata)
    acFont32B_ASCII_0059                     0x08015f40   Data          96  f32b_ascii.o(.constdata)
    acFont32B_ASCII_005A                     0x08015fa0   Data          96  f32b_ascii.o(.constdata)
    acFont32B_ASCII_005B                     0x08016000   Data          64  f32b_ascii.o(.constdata)
    acFont32B_ASCII_005C                     0x08016040   Data          32  f32b_ascii.o(.constdata)
    acFont32B_ASCII_005D                     0x08016060   Data          64  f32b_ascii.o(.constdata)
    acFont32B_ASCII_005E                     0x080160a0   Data          64  f32b_ascii.o(.constdata)
    acFont32B_ASCII_005F                     0x080160e0   Data          64  f32b_ascii.o(.constdata)
    acFont32B_ASCII_0060                     0x08016120   Data          64  f32b_ascii.o(.constdata)
    acFont32B_ASCII_0061                     0x08016160   Data          64  f32b_ascii.o(.constdata)
    acFont32B_ASCII_0062                     0x080161a0   Data          96  f32b_ascii.o(.constdata)
    acFont32B_ASCII_0063                     0x08016200   Data          64  f32b_ascii.o(.constdata)
    acFont32B_ASCII_0064                     0x08016240   Data          96  f32b_ascii.o(.constdata)
    acFont32B_ASCII_0065                     0x080162a0   Data          64  f32b_ascii.o(.constdata)
    acFont32B_ASCII_0066                     0x080162e0   Data          64  f32b_ascii.o(.constdata)
    acFont32B_ASCII_0067                     0x08016320   Data          96  f32b_ascii.o(.constdata)
    acFont32B_ASCII_0068                     0x08016380   Data          96  f32b_ascii.o(.constdata)
    acFont32B_ASCII_0069                     0x080163e0   Data          32  f32b_ascii.o(.constdata)
    acFont32B_ASCII_006A                     0x08016400   Data          32  f32b_ascii.o(.constdata)
    acFont32B_ASCII_006B                     0x08016420   Data          64  f32b_ascii.o(.constdata)
    acFont32B_ASCII_006C                     0x08016460   Data          32  f32b_ascii.o(.constdata)
    acFont32B_ASCII_006D                     0x08016480   Data         128  f32b_ascii.o(.constdata)
    acFont32B_ASCII_006E                     0x08016500   Data          96  f32b_ascii.o(.constdata)
    acFont32B_ASCII_006F                     0x08016560   Data          96  f32b_ascii.o(.constdata)
    acFont32B_ASCII_0070                     0x080165c0   Data          96  f32b_ascii.o(.constdata)
    acFont32B_ASCII_0071                     0x08016620   Data          96  f32b_ascii.o(.constdata)
    acFont32B_ASCII_0072                     0x08016680   Data          64  f32b_ascii.o(.constdata)
    acFont32B_ASCII_0073                     0x080166c0   Data          64  f32b_ascii.o(.constdata)
    acFont32B_ASCII_0074                     0x08016700   Data          64  f32b_ascii.o(.constdata)
    acFont32B_ASCII_0075                     0x08016740   Data          96  f32b_ascii.o(.constdata)
    acFont32B_ASCII_0076                     0x080167a0   Data          64  f32b_ascii.o(.constdata)
    acFont32B_ASCII_0077                     0x080167e0   Data          96  f32b_ascii.o(.constdata)
    acFont32B_ASCII_0078                     0x08016840   Data          64  f32b_ascii.o(.constdata)
    acFont32B_ASCII_0079                     0x08016880   Data          64  f32b_ascii.o(.constdata)
    acFont32B_ASCII_007A                     0x080168c0   Data          64  f32b_ascii.o(.constdata)
    acFont32B_ASCII_007B                     0x08016900   Data          64  f32b_ascii.o(.constdata)
    acFont32B_ASCII_007C                     0x08016940   Data          32  f32b_ascii.o(.constdata)
    acFont32B_ASCII_007D                     0x08016960   Data          64  f32b_ascii.o(.constdata)
    acFont32B_ASCII_007E                     0x080169a0   Data          64  f32b_ascii.o(.constdata)
    GUI_Font32B_ASCII_CharInfo               0x080169e0   Data         760  f32b_ascii.o(.constdata)
    GUI_Font32B_ASCII_Prop1                  0x08016cd8   Data          12  f32b_ascii.o(.constdata)
    GUI_Font32B_ASCII                        0x08016ce4   Data          32  f32b_ascii.o(.constdata)
    GUI_MEMDEV__APIList16                    0x08016d24   Data          64  guidev_16.o(.constdata)
    Region$$Table$$Base                      0x08016d7c   Number         0  anon$$obj.o(Region$$Table)
    Region$$Table$$Limit                     0x08016d9c   Number         0  anon$$obj.o(Region$$Table)
    WM__NumWindows                           0x20000002   Data           2  wm.o(.data)
    WM__NumInvalidWindows                    0x20000004   Data           2  wm.o(.data)
    WM__FirstWin                             0x20000006   Data           2  wm.o(.data)
    WM__pFirstCriticalHandle                 0x20000008   Data           4  wm.o(.data)
    WM__ahDesktopWin                         0x2000000c   Data           2  wm.o(.data)
    WM__aBkColor                             0x20000010   Data           4  wm.o(.data)
    WM_IsActive                              0x20000014   Data           1  wm.o(.data)
    WM__CreateFlags                          0x20000016   Data           2  wm.o(.data)
    WM__hCapture                             0x20000018   Data           2  wm.o(.data)
    WM__hWinFocus                            0x2000001a   Data           2  wm.o(.data)
    WM__CaptureReleaseAuto                   0x2000001c   Data           1  wm.o(.data)
    WM_pfPollPID                             0x20000020   Data           4  wm.o(.data)
    WM__PaintCallbackCnt                     0x20000024   Data           1  wm.o(.data)
    WM__TransWindowCnt                       0x20000028   Data           4  wm.o(.data)
    WM__hATransWindow                        0x2000002c   Data           2  wm.o(.data)
    WM__CHWinModal                           0x20000034   Data           8  wmtouch.o(.data)
    WM__CHWinLast                            0x2000003c   Data           8  wmtouch.o(.data)
    BUTTON__DefaultProps                     0x20000044   Data          32  button.o(.data)
    _pEffectDefault                          0x20000068   Data           4  widget.o(.data)
    SD_Type                                  0x20000070   Data           1  sd.o(.data)
    SDCard_Info                              0x20000072   Data           6  sd.o(.data)
    ctp_dev                                  0x20000078   Data          36  gt811.o(.data)
    myPOINT_COLOR                            0x2000009c   Data           2  blcd.o(.data)
    myBACK_COLOR                             0x2000009e   Data           2  blcd.o(.data)
    SystemCoreClock                          0x200000c0   Data           4  system_stm32f10x.o(.data)
    AHBPrescTable                            0x200000c4   Data          16  system_stm32f10x.o(.data)
    OSCtxSwCtr                               0x200000d4   Data           4  os_core.o(.data)
    OSEventFreeList                          0x200000d8   Data           4  os_core.o(.data)
    OSFlagFreeList                           0x200000dc   Data           4  os_core.o(.data)
    OSCPUUsage                               0x200000e0   Data           1  os_core.o(.data)
    OSIdleCtrMax                             0x200000e4   Data           4  os_core.o(.data)
    OSIdleCtrRun                             0x200000e8   Data           4  os_core.o(.data)
    OSStatRdy                                0x200000ec   Data           1  os_core.o(.data)
    OSIntNesting                             0x200000ed   Data           1  os_core.o(.data)
    OSLockNesting                            0x200000ee   Data           1  os_core.o(.data)
    OSPrioCur                                0x200000ef   Data           1  os_core.o(.data)
    OSPrioHighRdy                            0x200000f0   Data           1  os_core.o(.data)
    OSRdyGrp                                 0x200000f1   Data           1  os_core.o(.data)
    OSRdyTbl                                 0x200000f2   Data           8  os_core.o(.data)
    OSRunning                                0x200000fa   Data           1  os_core.o(.data)
    OSTaskCtr                                0x200000fb   Data           1  os_core.o(.data)
    OSIdleCtr                                0x200000fc   Data           4  os_core.o(.data)
    OSTCBCur                                 0x20000100   Data           4  os_core.o(.data)
    OSTCBFreeList                            0x20000104   Data           4  os_core.o(.data)
    OSTCBHighRdy                             0x20000108   Data           4  os_core.o(.data)
    OSTCBList                                0x2000010c   Data           4  os_core.o(.data)
    OSTickStepState                          0x20000110   Data           1  os_core.o(.data)
    OSQFreeList                              0x20000114   Data           4  os_core.o(.data)
    OSTime                                   0x20000118   Data           4  os_core.o(.data)
    GUI_pfKeyMsgHook                         0x20000144   Data           4  gui_onkey.o(.data)
    GUI_DecChar                              0x2000014c   Data           1  guicore.o(.data)
    GUI_pfTimerExec                          0x20000150   Data           4  guicore.o(.data)
    WM_pfHandlePID                           0x20000154   Data           4  guicore.o(.data)
    GUI_pfDispCharStyle                      0x20000158   Data           4  guicore.o(.data)
    GUI_pLCD_APIList                         0x2000015c   Data           4  guicore.o(.data)
    GUI_CURSOR_pfTempHide                    0x20000160   Data           4  guicore.o(.data)
    GUI_CURSOR_pfTempUnhide                  0x20000164   Data           4  guicore.o(.data)
    LCD_aAPI                                 0x20000168   Data           4  lcd_api.o(.data)
    TouchSum                                 0x2000016c   Data           2  my_ui.o(.data)
    TouchCmd                                 0x2000016e   Data           1  my_ui.o(.data)
    TouchFlag                                0x2000016f   Data           1  my_ui.o(.data)
    Menu_ID                                  0x20000170   Data           1  my_ui.o(.data)
    ThemeColor                               0x20000174   Data           4  my_ui.o(.data)
    DesktopColor                             0x20000178   Data           4  my_ui.o(.data)
    MenuDisnable                             0x2000017c   Data           1  my_ui.o(.data)
    hText                                    0x2000017e   Data           2  my_ui.o(.data)
    MainMenu_pHead                           0x20000180   Data           4  my_ui.o(.data)
    OtherMenu_pHead                          0x20000184   Data           4  my_ui.o(.data)
    OtherMenu_Info                           0x20000188   Data           4  my_ui.o(.data)
    hDesktopWindow                           0x2000018c   Data           2  my_ui.o(.data)
    __stdout                                 0x20000190   Data           4  stdout.o(.data)
    WM_PID__StateLast                        0x20000194   Data          12  wm.o(.bss)
    myTask_STK                               0x200001b8   Data         512  main.o(.bss)
    myTask_STK2                              0x200003b8   Data         512  main.o(.bss)
    TASK_START_STK                           0x200005b8   Data        2048  main.o(.bss)
    fs                                       0x20000db8   Data         564  fat_api.o(.bss)
    SD_Buffer                                0x20000fec   Data         520  fat_api.o(.bss)
    FileList                                 0x200011f4   Data        2160  fat_api.o(.bss)
    wave                                     0x20001a64   Data          14  vs1003.o(.bss)
    lcddev                                   0x20001a72   Data          14  blcd.o(.bss)
    TIM4_TimeBaseStructure                   0x20001a80   Data          10  initialize.o(.bss)
    TIM4_OCInitStructure                     0x20001a8a   Data          16  initialize.o(.bss)
    TIM4_BDTRInitStructure                   0x20001a9a   Data          14  initialize.o(.bss)
    OSEventTbl                               0x20001aa8   Data         200  os_core.o(.bss)
    OSFlagTbl                                0x20001b70   Data          80  os_core.o(.bss)
    OSTaskStatStk                            0x20001bc0   Data         512  os_core.o(.bss)
    OSTaskIdleStk                            0x20001dc0   Data         512  os_core.o(.bss)
    OSTCBPrioTbl                             0x20001fc0   Data         256  os_core.o(.bss)
    OSTCBTbl                                 0x200020c0   Data         588  os_core.o(.bss)
    OSQTbl                                   0x2000230c   Data          96  os_core.o(.bss)
    GUI_Heap                                 0x20002384   Data       15000  guialloc.o(.bss)
    GUI_ALLOC                                0x20006ccc   Data          20  guialloc.o(.bss)
    GUI_Context                              0x20006ce0   Data          96  guicore.o(.bss)
    LCD__aConvTable                          0x20006d40   Data         512  lcdcolor.o(.bss)
    __initial_sp                             0x20007e40   Data           0  startup_stm32f10x_hd.o(STACK)



==============================================================================

Memory Map of the image

  Image Entry point : 0x08000131

  Load Region LR_IROM1 (Base: 0x08000000, Size: 0x00016f30, Max: 0x00080000, ABSOLUTE, COMPRESSED[0x00016df0])

    Execution Region ER_IROM1 (Base: 0x08000000, Size: 0x00016d9c, Max: 0x00080000, ABSOLUTE)

    Base Addr    Size         Type   Attr      Idx    E Section Name        Object

    0x08000000   0x00000130   Data   RO         5115    RESET               startup_stm32f10x_hd.o
    0x08000130   0x00000000   Code   RO         9871  * .ARM.Collect$$$$00000000  mc_w.l(entry.o)
    0x08000130   0x00000004   Code   RO        10231    .ARM.Collect$$$$00000001  mc_w.l(entry2.o)
    0x08000134   0x00000004   Code   RO        10234    .ARM.Collect$$$$00000004  mc_w.l(entry5.o)
    0x08000138   0x00000000   Code   RO        10236    .ARM.Collect$$$$00000008  mc_w.l(entry7b.o)
    0x08000138   0x00000000   Code   RO        10238    .ARM.Collect$$$$0000000A  mc_w.l(entry8b.o)
    0x08000138   0x00000008   Code   RO        10239    .ARM.Collect$$$$0000000B  mc_w.l(entry9a.o)
    0x08000140   0x00000000   Code   RO        10241    .ARM.Collect$$$$0000000D  mc_w.l(entry10a.o)
    0x08000140   0x00000000   Code   RO        10243    .ARM.Collect$$$$0000000F  mc_w.l(entry11a.o)
    0x08000140   0x00000004   Code   RO        10232    .ARM.Collect$$$$00002712  mc_w.l(entry2.o)
    0x08000144   0x00001080   Code   RO            1    .text               wm.o
    0x080011c4   0x0000003c   Code   RO           73    .text               wm__foreachdesc.o
    0x08001200   0x0000001e   Code   RO           89    .text               wm__getfirstsibling.o
    0x0800121e   0x00000002   PAD
    0x08001220   0x00000024   Code   RO          101    .text               wm__getfocussedchild.o
    0x08001244   0x00000036   Code   RO          137    .text               wm__getprevsibling.o
    0x0800127a   0x00000028   Code   RO          161    .text               wm__ischild.o
    0x080012a2   0x0000001a   Code   RO          173    .text               wm__isenabled.o
    0x080012bc   0x00000024   Code   RO          209    .text               wm__sendmessage.o
    0x080012e0   0x00000028   Code   RO          233    .text               wm__sendmessagenopara.o
    0x08001308   0x00000186   Code   RO          245    .text               wm__updatechildpositions.o
    0x0800148e   0x00000048   Code   RO          269    .text               wm_bringtobottom.o
    0x080014d6   0x00000002   PAD
    0x080014d8   0x00000088   Code   RO          281    .text               wm_bringtotop.o
    0x08001560   0x00000050   Code   RO          317    .text               wm_criticalhandle.o
    0x080015b0   0x00000014   Code   RO          353    .text               wm_foreachdesc.o
    0x080015c4   0x0000001c   Code   RO          365    .text               wm_getbkcolor.o
    0x080015e0   0x00000048   Code   RO          377    .text               wm_getclientrect.o
    0x08001628   0x0000001a   Code   RO          389    .text               wm_getclientwindow.o
    0x08001642   0x00000002   PAD
    0x08001644   0x0000000c   Code   RO          401    .text               wm_getdesktopwindow.o
    0x08001650   0x00000062   Code   RO          441    .text               wm_getdialogitem.o
    0x080016b2   0x00000014   Code   RO          453    .text               wm_getfirstchild.o
    0x080016c6   0x00000014   Code   RO          489    .text               wm_getid.o
    0x080016da   0x00000014   Code   RO          561    .text               wm_getparent.o
    0x080016ee   0x00000070   Code   RO          637    .text               wm_getwindowsize.o
    0x0800175e   0x00000020   Code   RO          709    .text               wm_isfocussable.o
    0x0800177e   0x00000010   Code   RO          733    .text               wm_iswindow.o
    0x0800178e   0x00000100   Code   RO          757    .text               wm_move.o
    0x0800188e   0x00000016   Code   RO          781    .text               wm_notifyparent.o
    0x080018a4   0x00000038   Code   RO          793    .text               wm_onkey.o
    0x080018dc   0x00000042   Code   RO          805    .text               wm_paint.o
    0x0800191e   0x000000ea   Code   RO          829    .text               wm_resizewindow.o
    0x08001a08   0x00000010   Code   RO          853    .text               wm_sendmessagenopara.o
    0x08001a18   0x00000020   Code   RO          865    .text               wm_sendtoparent.o
    0x08001a38   0x00000054   Code   RO          939    .text               wm_setdesktopcolor.o
    0x08001a8c   0x000000a8   Code   RO          951    .text               wm_setfocus.o
    0x08001b34   0x00000090   Code   RO          963    .text               wm_setfocusonnextchild.o
    0x08001bc4   0x0000001c   Code   RO         1033    .text               wm_setscrollstate.o
    0x08001be0   0x00000018   Code   RO         1081    .text               wm_setusercliprect.o
    0x08001bf8   0x00000058   Code   RO         1117    .text               wm_show.o
    0x08001c50   0x00000030   Code   RO         1192    .text               wm_validatewindow.o
    0x08001c80   0x00000374   Code   RO         1235    .text               button.o
    0x08001ff4   0x0000005c   Code   RO         1302    .text               button_create.o
    0x08002050   0x00000138   Code   RO         1619    .text               dialog.o
    0x08002188   0x0000005e   Code   RO         2254    .text               gui_draw.o
    0x080021e6   0x00000002   PAD
    0x080021e8   0x00000490   Code   RO         3805    .text               widget.o
    0x08002678   0x000001ac   Code   RO         3820    .text               widget_effect_3d.o
    0x08002824   0x00000094   Code   RO         3984    .text               stm32f10x_it.o
    0x080028b8   0x000000e4   Code   RO         4148    .text               delay.o
    0x0800299c   0x000003cc   Code   RO         4176    .text               main.o
    0x08002d68   0x000005d4   Code   RO         4443    .text               sd.o
    0x0800333c   0x0000029c   Code   RO         4470    .text               vs1003.o
    0x080035d8   0x00000070   Code   RO         4543    .text               led.o
    0x08003648   0x0000028c   Code   RO         4563    .text               ctiic.o
    0x080038d4   0x00000494   Code   RO         4586    .text               gt811.o
    0x08003d68   0x000009c4   Code   RO         4617    .text               lcd_gui.o
    0x0800472c   0x0000094e   Code   RO         4658    .text               blcd.o
    0x0800507a   0x000000ae   Code   RO         4693    .text               diskio.o
    0x08005128   0x00002588   Code   RO         4714    .text               ff.o
    0x080076b0   0x00000630   Code   RO         4754    .text               initialize.o
    0x08007ce0   0x000000dc   Code   RO         4778    .text               misc.o
    0x08007dbc   0x00000618   Code   RO         4818    .text               stm32f10x_fsmc.o
    0x080083d4   0x00000358   Code   RO         4838    .text               stm32f10x_gpio.o
    0x0800872c   0x000003a4   Code   RO         4858    .text               stm32f10x_rcc.o
    0x08008ad0   0x00000428   Code   RO         4880    .text               stm32f10x_usart.o
    0x08008ef8   0x000005bc   Code   RO         4900    .text               stm32f10x_flash.o
    0x080094b4   0x00000e1a   Code   RO         4920    .text               stm32f10x_tim.o
    0x0800a2ce   0x00000002   PAD
    0x0800a2d0   0x0000044e   Code   RO         4940    .text               stm32f10x_adc.o
    0x0800a71e   0x00000002   PAD
    0x0800a720   0x0000030c   Code   RO         4960    .text               stm32f10x_spi.o
    0x0800aa2c   0x000000c4   Code   RO         4980    .text               stm32f10x_bkp.o
    0x0800aaf0   0x000000cc   Code   RO         5000    .text               stm32f10x_pwr.o
    0x0800abbc   0x00000144   Code   RO         5020    .text               stm32f10x_rtc.o
    0x0800ad00   0x0000011c   Code   RO         5040    .text               stm32f10x_exti.o
    0x0800ae1c   0x000001dc   Code   RO         5070    .text               system_stm32f10x.o
    0x0800aff8   0x00000024   Code   RO         5116    .text               startup_stm32f10x_hd.o
    0x0800b01c   0x000000ae   Code   RO         5122    .text               os_cpu_c.o
    0x0800b0ca   0x00000002   PAD
    0x0800b0cc   0x000000a4   Code   RO         5168    .text               os_cpu_a.o
    0x0800b170   0x000008ac   Code   RO         5173    .text               os_core.o
    0x0800ba1c   0x00000818   Code   RO         5201    .text               os_flag.o
    0x0800c234   0x000003cc   Code   RO         5221    .text               os_mbox.o
    0x0800c600   0x000005e8   Code   RO         5275    .text               os_q.o
    0x0800cbe8   0x00000388   Code   RO         5295    .text               os_sem.o
    0x0800cf70   0x000007cc   Code   RO         5315    .text               os_task.o
    0x0800d73c   0x000001b8   Code   RO         5335    .text               os_time.o
    0x0800d8f4   0x00000020   Code   RO         5369    .text               gui_x_touch.o
    0x0800d914   0x00000124   Code   RO         5389    .text               gui_x_ucos.o
    0x0800da38   0x00000020   Code   RO         5649    .text               lcdp565.o
    0x0800da58   0x00000014   Code   RO         5922    .text               gui__getfontsizey.o
    0x0800da6c   0x00000018   Code   RO         5950    .text               gui__handleeoline.o
    0x0800da84   0x00000042   Code   RO         5962    .text               gui__intersectrect.o
    0x0800dac6   0x00000088   Code   RO         5974    .text               gui__intersectrects.o
    0x0800db4e   0x00000054   Code   RO         5986    .text               gui__memset.o
    0x0800dba2   0x0000004e   Code   RO         5998    .text               gui__memset16.o
    0x0800dbf0   0x00000022   Code   RO         6022    .text               gui__reducerect.o
    0x0800dc12   0x00000050   Code   RO         6034    .text               gui__settext.o
    0x0800dc62   0x00000002   PAD
    0x0800dc64   0x00000050   Code   RO         6046    .text               gui__strcmp.o
    0x0800dcb4   0x00000016   Code   RO         6058    .text               gui__strlen.o
    0x0800dcca   0x00000022   Code   RO         6175    .text               gui_alloc_alloczero.o
    0x0800dcec   0x00000144   Code   RO         6662    .text               gui_dispstring.o
    0x0800de30   0x00000020   Code   RO         6674    .text               gui_dispstringat.o
    0x0800de50   0x00000034   Code   RO         6698    .text               gui_dispstringhcenter.o
    0x0800de84   0x000001d8   Code   RO         6710    .text               gui_dispstringinrect.o
    0x0800e05c   0x000000c4   Code   RO         6807    .text               gui_drawfocusrect.o
    0x0800e120   0x00000058   Code   RO         6831    .text               gui_drawhline.o
    0x0800e178   0x00000054   Code   RO         6891    .text               gui_drawvline.o
    0x0800e1cc   0x00000038   Code   RO         6915    .text               gui_exec.o
    0x0800e204   0x00000338   Code   RO         6927    .text               gui_fillpolygon.o
    0x0800e53c   0x00000064   Code   RO         6942    .text               gui_fillrect.o
    0x0800e5a0   0x0000001a   Code   RO         6954    .text               gui_fillrectex.o
    0x0800e5ba   0x00000012   Code   RO         6990    .text               gui_getclientrect.o
    0x0800e5cc   0x0000003c   Code   RO         7002    .text               gui_getcolor.o
    0x0800e608   0x0000000c   Code   RO         7050    .text               gui_getfontsizey.o
    0x0800e614   0x00000058   Code   RO         7148    .text               gui_goto.o
    0x0800e66c   0x00000070   Code   RO         7172    .text               gui_invertrect.o
    0x0800e6dc   0x00000082   Code   RO         7208    .text               gui_mergerect.o
    0x0800e75e   0x00000024   Code   RO         7248    .text               gui_moverect.o
    0x0800e782   0x00000002   PAD
    0x0800e784   0x00000090   Code   RO         7260    .text               gui_onkey.o
    0x0800e814   0x00000024   Code   RO         7283    .text               gui_pen.o
    0x0800e838   0x0000003a   Code   RO         7309    .text               gui_rectsintersect.o
    0x0800e872   0x00000002   PAD
    0x0800e874   0x00000024   Code   RO         7321    .text               gui_savecontext.o
    0x0800e898   0x00000010   Code   RO         7345    .text               gui_selectlcd.o
    0x0800e8a8   0x00000018   Code   RO         7357    .text               gui_setcolor.o
    0x0800e8c0   0x00000044   Code   RO         7393    .text               gui_setdefault.o
    0x0800e904   0x00000010   Code   RO         7405    .text               gui_setdrawmode.o
    0x0800e914   0x00000010   Code   RO         7417    .text               gui_setfont.o
    0x0800e924   0x00000010   Code   RO         7441    .text               gui_setlinestyle.o
    0x0800e934   0x00000014   Code   RO         7515    .text               gui_settextalign.o
    0x0800e948   0x00000014   Code   RO         7527    .text               gui_settextmode.o
    0x0800e95c   0x000000d0   Code   RO         7655    .text               gui_uc.o
    0x0800ea2c   0x00000030   Code   RO         7679    .text               gui_uc_encodenone.o
    0x0800ea5c   0x00000020   Code   RO         7724    .text               gui_waitkey.o
    0x0800ea7c   0x000007d8   Code   RO         7748    .text               gui2dlib.o
    0x0800f254   0x000003b0   Code   RO         7763    .text               guialloc.o
    0x0800f604   0x000000b8   Code   RO         7791    .text               guichar.o
    0x0800f6bc   0x000001b8   Code   RO         7803    .text               guicharline.o
    0x0800f874   0x000001d8   Code   RO         7815    .text               guicharm.o
    0x0800fa4c   0x00000180   Code   RO         7827    .text               guicharp.o
    0x0800fbcc   0x00000464   Code   RO         7839    .text               guicirc.o
    0x08010030   0x00000114   Code   RO         7863    .text               guicore.o
    0x08010144   0x00000468   Code   RO         8071    .text               lcd.o
    0x080105ac   0x0000005c   Code   RO         8141    .text               lcd_drawvline.o
    0x08010608   0x00000010   Code   RO         8153    .text               lcd_getcolorindex.o
    0x08010618   0x00000038   Code   RO         8213    .text               lcd_l0_generic.o
    0x08010650   0x00000024   Code   RO         8372    .text               lcd_selectlcd.o
    0x08010674   0x00000020   Code   RO         8396    .text               lcd_setcliprectex.o
    0x08010694   0x00000024   Code   RO         8408    .text               lcd_updatecolorindices.o
    0x080106b8   0x00000054   Code   RO         8432    .text               lcdcolor.o
    0x0801070c   0x00000030   Code   RO         8475    .text               lcdinfo0.o
    0x0801073c   0x00000038   Code   RO         8546    .text               lcdp565_index2color.o
    0x08010774   0x00000418   Code   RO         9413    .text               guidev.o
    0x08010b8c   0x000008a6   Code   RO         9507    .text               guidev_16.o
    0x08011432   0x00000116   Code   RO         9575    .text               guidev_banding.o
    0x08011548   0x00000040   Code   RO         9587    .text               guidev_clear.o
    0x08011588   0x00000024   Code   RO         9659    .text               guidev_getysize.o
    0x080115ac   0x00000030   Code   RO         9685    .text               guidev_reduceysize.o
    0x080115dc   0x00000064   Code   RO         9697    .text               guidev_setorg.o
    0x08011640   0x00000068   Code   RO         9709    .text               guidev_usage.o
    0x080116a8   0x00000228   Code   RO         9721    .text               guidev_usagebm.o
    0x080118d0   0x00000040   Code   RO         9876    .text               mc_w.l(memmovea.o)
    0x08011910   0x00000024   Code   RO         9878    .text               mc_w.l(memseta.o)
    0x08011934   0x00000012   Code   RO         9888    .text               mc_w.l(strcpy.o)
    0x08011946   0x00000062   Code   RO        10248    .text               mc_w.l(uldiv.o)
    0x080119a8   0x0000001e   Code   RO        10250    .text               mc_w.l(llshl.o)
    0x080119c6   0x00000020   Code   RO        10252    .text               mc_w.l(llushr.o)
    0x080119e6   0x00000002   PAD
    0x080119e8   0x00000024   Code   RO        10286    .text               mc_w.l(init.o)
    0x08011a0c   0x0000005c   Code   RO        10296    .text               mc_w.l(__dczerorl2.o)
    0x08011a68   0x00000020   Code   RO        10027    i.__0printf$5       mc_w.l(printf5.o)
    0x08011a88   0x0000000e   Code   RO        10290    i.__scatterload_copy  mc_w.l(handlers.o)
    0x08011a96   0x00000002   Code   RO        10291    i.__scatterload_null  mc_w.l(handlers.o)
    0x08011a98   0x0000000e   Code   RO        10292    i.__scatterload_zeroinit  mc_w.l(handlers.o)
    0x08011aa6   0x00000002   PAD
    0x08011aa8   0x000002c0   Code   RO        10034    i._printf_core      mc_w.l(printf5.o)
    0x08011d68   0x00000018   Data   RO         3821    .constdata          widget_effect_3d.o
    0x08011d80   0x00000b0e   Data   RO         4472    .constdata          vs1003.o
    0x0801288e   0x0000006a   Data   RO         4587    .constdata          gt811.o
    0x080128f8   0x00000a64   Data   RO         4660    .constdata          blcd.o
    0x0801335c   0x000000ac   Data   RO         4715    .constdata          ff.o
    0x08013408   0x00000100   Data   RO         5175    .constdata          os_core.o
    0x08013508   0x00000010   Data   RO         7680    .constdata          gui_uc_encodenone.o
    0x08013518   0x00000044   Data   RO         7749    .constdata          gui2dlib.o
    0x0801355c   0x00000008   Data   RO         7865    .constdata          guicore.o
    0x08013564   0x00000040   Data   RO         8083    .constdata          lcd_api.o
    0x080135a4   0x00000100   Data   RO         8225    .constdata          lcd_mirror.o
    0x080136a4   0x00000734   Data   RO         8615    .constdata          f6x8.o
    0x08013dd8   0x00000868   Data   RO         8849    .constdata          f13_1.o
    0x08014640   0x00000820   Data   RO         8862    .constdata          f13_ascii.o
    0x08014e60   0x00001ea4   Data   RO         9166    .constdata          f32b_ascii.o
    0x08016d04   0x00000060   Data   RO         9508    .constdata          guidev_16.o
    0x08016d64   0x00000018   Data   RO         9722    .constdata          guidev_usagebm.o
    0x08016d7c   0x00000020   Data   RO        10288    Region$$Table       anon$$obj.o


    Execution Region RW_IRAM1 (Base: 0x20000000, Size: 0x00007e40, Max: 0x00010000, ABSOLUTE, COMPRESSED[0x00000054])

    Base Addr    Size         Type   Attr      Idx    E Section Name        Object

    0x20000000   0x00000031   Data   RW            3    .data               wm.o
    0x20000031   0x00000003   PAD
    0x20000034   0x00000010   Data   RW         1217    .data               wmtouch.o
    0x20000044   0x00000020   Data   RW         1236    .data               button.o
    0x20000064   0x00000004   Data   RW         1620    .data               dialog.o
    0x20000068   0x00000004   Data   RW         3806    .data               widget.o
    0x2000006c   0x00000004   Data   RW         4149    .data               delay.o
    0x20000070   0x00000008   Data   RW         4444    .data               sd.o
    0x20000078   0x00000024   Data   RW         4588    .data               gt811.o
    0x2000009c   0x00000004   Data   RW         4661    .data               blcd.o
    0x200000a0   0x0000000b   Data   RW         4716    .data               ff.o
    0x200000ab   0x00000014   Data   RW         4859    .data               stm32f10x_rcc.o
    0x200000bf   0x00000001   PAD
    0x200000c0   0x00000014   Data   RW         5071    .data               system_stm32f10x.o
    0x200000d4   0x00000048   Data   RW         5176    .data               os_core.o
    0x2000011c   0x00000011   Data   RW         5390    .data               gui_x_ucos.o
    0x2000012d   0x00000003   PAD
    0x20000130   0x00000004   Data   RW         6929    .data               gui_fillpolygon.o
    0x20000134   0x00000014   Data   RW         7261    .data               gui_onkey.o
    0x20000148   0x00000001   Data   RW         7765    .data               guialloc.o
    0x20000149   0x00000003   PAD
    0x2000014c   0x0000001c   Data   RW         7866    .data               guicore.o
    0x20000168   0x00000004   Data   RW         8084    .data               lcd_api.o
    0x2000016c   0x00000022   Data   RW         9788    .data               my_ui.o
    0x2000018e   0x00000002   PAD
    0x20000190   0x00000004   Data   RW        10245    .data               mc_w.l(stdout.o)
    0x20000194   0x00000024   Zero   RW            2    .bss                wm.o
    0x200001b8   0x00000c00   Zero   RW         4177    .bss                main.o
    0x20000db8   0x00000cac   Zero   RW         4330    .bss                fat_api.o
    0x20001a64   0x0000000e   Zero   RW         4471    .bss                vs1003.o
    0x20001a72   0x0000000e   Zero   RW         4659    .bss                blcd.o
    0x20001a80   0x00000028   Zero   RW         4755    .bss                initialize.o
    0x20001aa8   0x000008c4   Zero   RW         5174    .bss                os_core.o
    0x2000236c   0x00000018   Zero   RW         6928    .bss                gui_fillpolygon.o
    0x20002384   0x0000495c   Zero   RW         7764    .bss                guialloc.o
    0x20006ce0   0x00000060   Zero   RW         7864    .bss                guicore.o
    0x20006d40   0x00000200   Zero   RW         8433    .bss                lcdcolor.o
    0x20006f40   0x00000f00   Zero   RW         5113    STACK               startup_stm32f10x_hd.o


==============================================================================

Image component sizes


      Code (inc. data)   RO Data    RW Data    ZI Data      Debug   Object Name

      2382         78       2660          4         14      10738   blcd.o
       884          6          0         32          0       6992   button.o
        92          0          0          0          0       1109   button_create.o
       652         32          0          0          0       1880   ctiic.o
       228         22          0          4          0       1115   delay.o
       312          4          0          4          0       4098   dialog.o
       174          0          0          0          0       2918   diskio.o
         0          0       2152          0          0       6184   f13_1.o
         0          0       2080          0          0       6723   f13_ascii.o
         0          0       7844          0          0       7122   f32b_ascii.o
         0          0       1844          0          0       2098   f6x8.o
         0          0          0          0       3244        619   fat_api.o
      9608        136        172         11          0      30066   ff.o
         0          0          0          0          0       1088   filebrowser.o
      1172         76        106         36          0       4348   gt811.o
      2008         20         68          0          0       8120   gui2dlib.o
        20          4          0          0          0        456   gui__getfontsizey.o
        24          0          0          0          0        616   gui__handleeoline.o
        66          0          0          0          0        845   gui__intersectrect.o
       136          0          0          0          0       1074   gui__intersectrects.o
        84          0          0          0          0        746   gui__memset.o
        78          0          0          0          0        748   gui__memset16.o
        34          0          0          0          0        850   gui__reducerect.o
        80          0          0          0          0        699   gui__settext.o
        80          4          0          0          0        825   gui__strcmp.o
        22          0          0          0          0        506   gui__strlen.o
        34          0          0          0          0        554   gui_alloc_alloczero.o
       324          4          0          0          0        933   gui_dispstring.o
        32          6          0          0          0        575   gui_dispstringat.o
        52          6          0          0          0        618   gui_dispstringhcenter.o
       472          6          0          0          0       2149   gui_dispstringinrect.o
        94          0          0          0          0       1499   gui_draw.o
       196          4          0          0          0       1088   gui_drawfocusrect.o
        88          6          0          0          0        592   gui_drawhline.o
        84          6          0          0          0        592   gui_drawvline.o
        56          4          0          0          0        633   gui_exec.o
       824         12          0          4         24       4093   gui_fillpolygon.o
       100          6          0          0          0        635   gui_fillrect.o
        26          0          0          0          0        769   gui_fillrectex.o
        18          0          0          0          0        880   gui_getclientrect.o
        60          0          0          0          0        968   gui_getcolor.o
        12          0          0          0          0        487   gui_getfontsizey.o
        88          6          0          0          0       1149   gui_goto.o
       112          4          0          0          0        669   gui_invertrect.o
       130          0          0          0          0        988   gui_mergerect.o
        36          0          0          0          0        819   gui_moverect.o
       144         12          0         20          0      17059   gui_onkey.o
        36          4          0          0          0        976   gui_pen.o
        58          0          0          0          0        937   gui_rectsintersect.o
        36          4          0          0          0        977   gui_savecontext.o
        16          0          0          0          0        444   gui_selectlcd.o
        24          0          0          0          0        634   gui_setcolor.o
        68          6          0          0          0        591   gui_setdefault.o
        16          0          0          0          0        526   gui_setdrawmode.o
        16          4          0          0          0        494   gui_setfont.o
        16          6          0          0          0        515   gui_setlinestyle.o
        20          4          0          0          0        503   gui_settextalign.o
        20          4          0          0          0        494   gui_settextmode.o
       208          6          0          0          0       1992   gui_uc.o
        48         10         16          0          0       1652   gui_uc_encodenone.o
        32          0          0          0          0        494   gui_waitkey.o
        32          4          0          0          0        896   gui_x_touch.o
       292         26          0         17          0       2951   gui_x_ucos.o
       944         16          0          1      18780       5504   guialloc.o
       184          8          0          0          0       1184   guichar.o
       440         12          0          0          0       2071   guicharline.o
       472          6          0          0          0       2069   guicharm.o
       384          4          0          0          0       1985   guicharp.o
      1124         12          0          0          0       3426   guicirc.o
       276         24          8         28         96       5364   guicore.o
      1048         14          0          0          0       5605   guidev.o
      2214         18         96          0          0      35488   guidev_16.o
       278          0          0          0          0       1826   guidev_banding.o
        64          6          0          0          0       1007   guidev_clear.o
        36          4          0          0          0        938   guidev_getysize.o
        48          6          0          0          0       1001   guidev_reduceysize.o
       100          4          0          0          0       1088   guidev_setorg.o
       104          4          0          0          0       1397   guidev_usage.o
       552          6         24          0          0       3326   guidev_usagebm.o
      1584        188          0          0         40       4268   initialize.o
      1128         12          0          0          0       4416   lcd.o
         0          0         64          4          0        614   lcd_api.o
        92          4          0          0          0        584   lcd_drawvline.o
        16          4          0          0          0        588   lcd_getcolorindex.o
      2500         44          0          0          0       6384   lcd_gui.o
        56          0          0          0          0       1099   lcd_l0_generic.o
         0          0        256          0          0        526   lcd_mirror.o
        36         10          0          0          0        448   lcd_selectlcd.o
        32          4          0          0          0        820   lcd_setcliprectex.o
        36          4          0          0          0        477   lcd_updatecolorindices.o
        84          4          0          0        512       1678   lcdcolor.o
        48          0          0          0          0       1393   lcdinfo0.o
        32          0          0          0          0        759   lcdp565.o
        56          0          0          0          0        598   lcdp565_index2color.o
       112         12          0          0          0        419   led.o
       972        114          0          0       3072       5984   main.o
       220         20          0          0          0       1853   misc.o
         0          0          0         34          0       4301   my_ui.o
      2220        220        256         72       2244      14743   os_core.o
       164         32          0          0          0        296   os_cpu_a.o
       174          0          0          0          0      10302   os_cpu_c.o
         0          0          0          0          0       7456   os_dbg.o
      2072         40          0          0          0       6732   os_flag.o
       972         18          0          0          0       4066   os_mbox.o
      1512         32          0          0          0       5469   os_q.o
       904         16          0          0          0       3814   os_sem.o
      1996         70          0          0          0       7373   os_task.o
       440         30          0          0          0       1750   os_time.o
      1492         14          0          8          0       7214   sd.o
        36          8        304          0       3840        868   startup_stm32f10x_hd.o
      1102         26          0          0          0      10889   stm32f10x_adc.o
       196          8          0          0          0       3516   stm32f10x_bkp.o
       284         10          0          0          0       2291   stm32f10x_exti.o
      1468         34          0          0          0       8082   stm32f10x_flash.o
      1560         54          0          0          0       5395   stm32f10x_fsmc.o
       856         40          0          0          0       5697   stm32f10x_gpio.o
       148         14          0          0          0     287328   stm32f10x_it.o
       204         16          0          0          0       1931   stm32f10x_pwr.o
       932         44          0         20          0       8864   stm32f10x_rcc.o
       324          4          0          0          0       2682   stm32f10x_rtc.o
       780         14          0          0          0       6582   stm32f10x_spi.o
      3610         88          0          0          0      22188   stm32f10x_tim.o
      1064         26          0          0          0       8587   stm32f10x_usart.o
       476         36          0         20          0       1963   system_stm32f10x.o
       668         16       2830          0         14       3299   vs1003.o
      1168          4          0          4          0       7553   widget.o
       428         18         24          0          0       3756   widget_effect_3d.o
      4224        182          0         49         36      51716   wm.o
        60          0          0          0          0       2823   wm__foreachdesc.o
        30          0          0          0          0        554   wm__getfirstsibling.o
        36          6          0          0          0        551   wm__getfocussedchild.o
        54          0          0          0          0        869   wm__getprevsibling.o
        40          0          0          0          0        890   wm__ischild.o
        26          0          0          0          0        516   wm__isenabled.o
        36          0          0          0          0        894   wm__sendmessage.o
        40          0          0          0          0        968   wm__sendmessagenopara.o
       390          0          0          0          0       1547   wm__updatechildpositions.o
        72          0          0          0          0       1019   wm_bringtobottom.o
       136          6          0          0          0       1504   wm_bringtotop.o
        80          4          0          0          0        873   wm_criticalhandle.o
        20          0          0          0          0        833   wm_foreachdesc.o
        28          0          0          0          0        560   wm_getbkcolor.o
        72          8          0          0          0       1054   wm_getclientrect.o
        26          0          0          0          0        541   wm_getclientwindow.o
        12          4          0          0          0        458   wm_getdesktopwindow.o
        98          0          0          0          0       1231   wm_getdialogitem.o
        20          0          0          0          0        511   wm_getfirstchild.o
        20          0          0          0          0        499   wm_getid.o
        20          0          0          0          0        495   wm_getparent.o
       112          0          0          0          0       1620   wm_getwindowsize.o
        32          0          0          0          0        562   wm_isfocussable.o
        16          0          0          0          0        502   wm_iswindow.o
       256          0          0          0          0       1868   wm_move.o
        22          0          0          0          0        550   wm_notifyparent.o
        56          6          0          0          0        619   wm_onkey.o
        66          0          0          0          0        899   wm_paint.o
       234          0          0          0          0       1138   wm_resizewindow.o
        16          0          0          0          0        543   wm_sendmessagenopara.o
        32          0          0          0          0        582   wm_sendtoparent.o
        84         10          0          0          0       1010   wm_setdesktopcolor.o
       168          4          0          0          0        682   wm_setfocus.o
       144          0          0          0          0       1505   wm_setfocusonnextchild.o
         0          0          0          0          0       2309   wm_setscrollbar.o
        28          0          0          0          0        852   wm_setscrollstate.o
        24          6          0          0          0        829   wm_setusercliprect.o
        88          0          0          0          0       1149   wm_show.o
        48          6          0          0          0        820   wm_validatewindow.o
         0          0          0         16          0       2059   wmtouch.o

    ----------------------------------------------------------------------
     71564       2280      20836        400      31916     817586   Object Totals
         0          0         32          0          0          0   (incl. Generated)
        20          0          0         12          0          0   (incl. Padding)

    ----------------------------------------------------------------------

      Code (inc. data)   RO Data    RW Data    ZI Data      Debug   Library Member Name

        92          0          0          0          0          0   __dczerorl2.o
         0          0          0          0          0          0   entry.o
         0          0          0          0          0          0   entry10a.o
         0          0          0          0          0          0   entry11a.o
         8          4          0          0          0          0   entry2.o
         4          0          0          0          0          0   entry5.o
         0          0          0          0          0          0   entry7b.o
         0          0          0          0          0          0   entry8b.o
         8          4          0          0          0          0   entry9a.o
        30          0          0          0          0          0   handlers.o
        36          8          0          0          0         68   init.o
        30          0          0          0          0         68   llshl.o
        32          0          0          0          0         68   llushr.o
        64          0          0          0          0         76   memmovea.o
        36          0          0          0          0        108   memseta.o
       736         56          0          0          0        184   printf5.o
         0          0          0          4          0          0   stdout.o
        18          0          0          0          0         68   strcpy.o
        98          0          0          0          0         92   uldiv.o

    ----------------------------------------------------------------------
      1196         72          0          4          0        732   Library Totals
         4          0          0          0          0          0   (incl. Padding)

    ----------------------------------------------------------------------

      Code (inc. data)   RO Data    RW Data    ZI Data      Debug   Library Name

      1192         72          0          4          0        732   mc_w.l

    ----------------------------------------------------------------------
      1196         72          0          4          0        732   Library Totals

    ----------------------------------------------------------------------

==============================================================================


      Code (inc. data)   RO Data    RW Data    ZI Data      Debug   

     72760       2352      20836        404      31916     806410   Grand Totals
     72760       2352      20836         84      31916     806410   ELF Image Totals (compressed)
     72760       2352      20836         84          0          0   ROM Totals

==============================================================================

    Total RO  Size (Code + RO Data)                93596 (  91.40kB)
    Total RW  Size (RW Data + ZI Data)             32320 (  31.56kB)
    Total ROM Size (Code + RO Data + RW Data)      93680 (  91.48kB)

==============================================================================

